Archive member included to satisfy reference by file (symbol)

C:\PROGRA~2\VT3_8920\VT3\RESOUR~1\targets\CANVIEW4\lib\vt3_runtime\libvt3_runtime.a(VT3_Main.o)
                              c:/program files (x86)/gnu tools arm embedded/5.2 2015q4/bin/../lib/gcc/arm-none-eabi/5.2.1/../../../../arm-none-eabi/lib/armv7e-m/fpu/crt0.o (main)
C:\PROGRA~2\VT3_8920\VT3\RESOUR~1\targets\CANVIEW4\lib\vt3_runtime\libvt3_runtime.a(VT3_Runtime.o)
                              vt3_code/vt3_disp.c.o (vt3_draw_indicator_PhysicalKey)
C:\PROGRA~2\VT3_8920\VT3\RESOUR~1\targets\CANVIEW4\lib\vt3_runtime\libvt3_runtime.a(VT3_Cycle100.o)
                              C:\PROGRA~2\VT3_8920\VT3\RESOUR~1\targets\CANVIEW4\lib\vt3_runtime\libvt3_runtime.a(VT3_Main.o) (Ciclo100Init)
C:\PROGRA~2\VT3_8920\VT3\RESOUR~1\targets\CANVIEW4\lib\vt3_runtime\libvt3_runtime.a(VT3_Cycle20.o)
                              C:\PROGRA~2\VT3_8920\VT3\RESOUR~1\targets\CANVIEW4\lib\vt3_runtime\libvt3_runtime.a(VT3_Main.o) (Ciclo20Init)
C:\PROGRA~2\VT3_8920\VT3\RESOUR~1\targets\CANVIEW4\lib\vt3_common\libvt3_common.a(IEC_Lib.o)
                              C:\PROGRA~2\VT3_8920\VT3\RESOUR~1\targets\CANVIEW4\lib\vt3_runtime\libvt3_runtime.a(VT3_Main.o) (vt3_fix_string_sizes)
C:\PROGRA~2\VT3_8920\VT3\RESOUR~1\targets\CANVIEW4\lib\vt3_common\libvt3_common.a(VT3_CAN_debug.o)
                              C:\PROGRA~2\VT3_8920\VT3\RESOUR~1\targets\CANVIEW4\lib\vt3_runtime\libvt3_runtime.a(VT3_Cycle20.o) (CAN_debug_init)
C:\PROGRA~2\VT3_8920\VT3\RESOUR~1\targets\CANVIEW4\lib\vt3_common\libvt3_common.a(VT3_Draw.o)
                              vt3_code/vt3_disp.c.o (vt3_draw_indicator_MultiBitmap)
C:\PROGRA~2\VT3_8920\VT3\RESOUR~1\targets\CANVIEW4\lib\vt3_common\libvt3_common.a(VT3_Runtime_Common.o)
                              C:\PROGRA~2\VT3_8920\VT3\RESOUR~1\targets\CANVIEW4\lib\vt3_common\libvt3_common.a(VT3_Draw.o) (vt3_schedule)
C:\PROGRA~2\VT3_8920\VT3\RESOUR~1\targets\CANVIEW4\lib\vt3_common\libvt3_common.a(VT3_elog.o)
                              C:\PROGRA~2\VT3_8920\VT3\RESOUR~1\targets\CANVIEW4\lib\vt3_common\libvt3_common.a(VT3_Draw.o) (ALM_Fmi_To_IDS_index)
C:\PROGRA~2\VT3_8920\VT3\RESOUR~1\targets\CANVIEW4\lib\lld\libCANView4.a(startup_stm32f429xx.o)
                              (Reset_Handler)
C:\PROGRA~2\VT3_8920\VT3\RESOUR~1\targets\CANVIEW4\lib\lld\libCANView4.a(stm32f4xx_it.o)
                              C:\PROGRA~2\VT3_8920\VT3\RESOUR~1\targets\CANVIEW4\lib\lld\libCANView4.a(startup_stm32f429xx.o) (DMA2_Stream3_IRQHandler)
C:\PROGRA~2\VT3_8920\VT3\RESOUR~1\targets\CANVIEW4\lib\lld\libCANView4.a(usbh_conf.o)
                              C:\PROGRA~2\VT3_8920\VT3\RESOUR~1\targets\CANVIEW4\lib\lld\libCANView4.a(stm32f4xx_it.o) (hhcd_USB_OTG_HS)
C:\PROGRA~2\VT3_8920\VT3\RESOUR~1\targets\CANVIEW4\lib\lld\libCANView4.a(system_stm32f4xx.o)
                              C:\PROGRA~2\VT3_8920\VT3\RESOUR~1\targets\CANVIEW4\lib\lld\libCANView4.a(startup_stm32f429xx.o) (SystemInit)
C:\PROGRA~2\VT3_8920\VT3\RESOUR~1\targets\CANVIEW4\lib\lld\libCANView4.a(stm32f4xx_hal.o)
                              C:\PROGRA~2\VT3_8920\VT3\RESOUR~1\targets\CANVIEW4\lib\lld\libCANView4.a(stm32f4xx_it.o) (HAL_IncTick)
C:\PROGRA~2\VT3_8920\VT3\RESOUR~1\targets\CANVIEW4\lib\lld\libCANView4.a(stm32f4xx_hal_cortex.o)
                              C:\PROGRA~2\VT3_8920\VT3\RESOUR~1\targets\CANVIEW4\lib\lld\libCANView4.a(stm32f4xx_hal.o) (HAL_NVIC_SetPriorityGrouping)
C:\PROGRA~2\VT3_8920\VT3\RESOUR~1\targets\CANVIEW4\lib\lld\libCANView4.a(stm32f4xx_hal_dcmi.o)
                              C:\PROGRA~2\VT3_8920\VT3\RESOUR~1\targets\CANVIEW4\lib\lld\libCANView4.a(stm32f4xx_it.o) (HAL_DCMI_IRQHandler)
C:\PROGRA~2\VT3_8920\VT3\RESOUR~1\targets\CANVIEW4\lib\lld\libCANView4.a(stm32f4xx_hal_dma.o)
                              C:\PROGRA~2\VT3_8920\VT3\RESOUR~1\targets\CANVIEW4\lib\lld\libCANView4.a(stm32f4xx_hal_dcmi.o) (HAL_DMA_Start_IT)
C:\PROGRA~2\VT3_8920\VT3\RESOUR~1\targets\CANVIEW4\lib\lld\libCANView4.a(stm32f4xx_hal_dma_ex.o)
                              C:\PROGRA~2\VT3_8920\VT3\RESOUR~1\targets\CANVIEW4\lib\lld\libCANView4.a(stm32f4xx_hal_dcmi.o) (HAL_DMAEx_MultiBufferStart_IT)
C:\PROGRA~2\VT3_8920\VT3\RESOUR~1\targets\CANVIEW4\lib\lld\libCANView4.a(stm32f4xx_hal_gpio.o)
                              C:\PROGRA~2\VT3_8920\VT3\RESOUR~1\targets\CANVIEW4\lib\lld\libCANView4.a(usbh_conf.o) (HAL_GPIO_Init)
C:\PROGRA~2\VT3_8920\VT3\RESOUR~1\targets\CANVIEW4\lib\lld\libCANView4.a(stm32f4xx_hal_hcd.o)
                              C:\PROGRA~2\VT3_8920\VT3\RESOUR~1\targets\CANVIEW4\lib\lld\libCANView4.a(usbh_conf.o) (HAL_HCD_Init)
C:\PROGRA~2\VT3_8920\VT3\RESOUR~1\targets\CANVIEW4\lib\lld\libCANView4.a(stm32f4xx_hal_rcc.o)
                              C:\PROGRA~2\VT3_8920\VT3\RESOUR~1\targets\CANVIEW4\lib\lld\libCANView4.a(stm32f4xx_hal.o) (HAL_RCC_GetHCLKFreq)
C:\PROGRA~2\VT3_8920\VT3\RESOUR~1\targets\CANVIEW4\lib\lld\libCANView4.a(stm32f4xx_hal_tim.o)
[...]
Memory Configuration

Name             Origin             Length             Attributes
FLASH_ISR        0x08010000         0x000001b0         xr
VERSION          0x080101b0         0x00000008         xr
FLASH            0x080101b8         0x001dbe48         xr
RAM              0x20000010         0x0002fff0         xrw
GRAM             0xc0000000         0x00300000         xrw
VT3_EXT_RAM      0xc0300000         0x00100000         xrw
IRAM             0xc0400000         0x00800000         xr
CCMRAM           0x10000000         0x00010000         rw
*default*        0x00000000         0xffffffff

Linker script and memory map

LOAD c:/program files (x86)/gnu tools arm embedded/5.2 2015q4/bin/../lib/gcc/arm-none-eabi/5.2.1/armv7e-m/fpu/crti.o
LOAD c:/program files (x86)/gnu tools arm embedded/5.2 2015q4/bin/../lib/gcc/arm-none-eabi/5.2.1/armv7e-m/fpu/crtbegin.o
LOAD c:/program files (x86)/gnu tools arm embedded/5.2 2015q4/bin/../lib/gcc/arm-none-eabi/5.2.1/../../../../arm-none-eabi/lib/armv7e-m/fpu/crt0.o
LOAD C:\PROGRA~2\VT3_8920\VT3\RESOUR~1\targets\CANVIEW4\lib\\lld\sysmem.o
LOAD vt3_code/vt3_lang.c.o
LOAD vt3_code/vt3_IO.c.o
LOAD vt3_code/vt3_disp.c.o
LOAD vt3_code/vt3_disp_events.c.o
LOAD vt3_code/vt3_alarms.c.o
LOAD vt3_code/vt3_signature.c.o
LOAD vt3_code/vt3_images.c.o
LOAD vt3_code/vt3_Font__RobotoBold36.c.o
LOAD vt3_code/vt3_Font__RobotoBold49.c.o
LOAD vt3_code/vt3_POU__MAIN.c.o
LOAD vt3_code/vt3_POU__global_data.c.o
LOAD vt3_code/vt3_POU__key_data.c.o
LOAD vt3_code/vt3_POU_common.c.o
LOAD vt3_code/vt3_vars.c.o
LOAD vt3_code/vt3_var_version.c.o
LOAD vt3_code/vt3_init_persistent_p_array.c.o
LOAD vt3_code/vt3_init_persistent_r_array.c.o
LOAD vt3_code/vt3_init_persistent_f_array.c.o
LOAD vt3_code/vt3_CAN__CanInterface.c.o
LOAD vt3_code/vt3_CAN_common.c.o
LOAD extra/vt3_extra.c.o
LOAD __OBJE~1/vt3_extra.c.o
LOAD __OBJE~1/vt3_POU__closeUSB.c.o
LOAD __OBJE~1/vt3_POU__DATA_ARRAY_255.c.o
LOAD __OBJE~1/vt3_POU__DATA_ARRAY_50.c.o
LOAD __OBJE~1/vt3_POU__ENUM_KEY_MODE.c.o
LOAD __OBJE~1/vt3_POU__ENUM_MODE_ERR.c.o
LOAD __OBJE~1/vt3_POU__ENUM_OPEN_FILE.c.o
LOAD __OBJE~1/vt3_POU__ENUM_PARITY.c.o
LOAD __OBJE~1/vt3_POU__ENUM_UART_ERR.c.o
LOAD __OBJE~1/vt3_POU__ENUM_UPDATE.c.o
LOAD __OBJE~1/vt3_POU__ENUM_USB_ERR.c.o
LOAD __OBJE~1/vt3_POU__ForceUpdate.c.o
LOAD __OBJE~1/vt3_POU__initCOM.c.o
LOAD __OBJE~1/vt3_POU__mountUSB.c.o
LOAD __OBJE~1/vt3_POU__openUSB.c.o
LOAD __OBJE~1/vt3_POU__PowerOff.c.o
LOAD __OBJE~1/vt3_POU__readByteCOM.c.o
LOAD __OBJE~1/vt3_POU__readStringCOM.c.o
LOAD __OBJE~1/vt3_POU__readStringUSB.c.o
LOAD __OBJE~1/vt3_POU__resetBufferCOM.c.o
LOAD __OBJE~1/vt3_POU__SetKeyMode.c.o
LOAD __OBJE~1/vt3_POU__umountUSB.c.o
LOAD __OBJE~1/vt3_POU__writeByteCOM.c.o
LOAD __OBJE~1/vt3_POU__writeElogUSB.c.o
LOAD __OBJE~1/vt3_POU__writeStringCOM.c.o
LOAD __OBJE~1/vt3_POU__writeStringUSB.c.o
LOAD C:\PROGRA~2\VT3_8920\VT3\RESOUR~1\targets\CANVIEW4\lib\vt3_runtime\libvt3_runtime.a
LOAD C:\PROGRA~2\VT3_8920\VT3\RESOUR~1\targets\CANVIEW4\lib\vt3_common\libvt3_common.a
LOAD C:\PROGRA~2\VT3_8920\VT3\RESOUR~1\targets\CANVIEW4\lib\lld\libCANView4.a
LOAD c:/program files (x86)/gnu tools arm embedded/5.2 2015q4/bin/../lib/gcc/arm-none-eabi/5.2.1/../../../../arm-none-eabi/lib/armv7e-m/fpu\libm.a
START GROUP
LOAD c:/program files (x86)/gnu tools arm embedded/5.2 2015q4/bin/../lib/gcc/arm-none-eabi/5.2.1/armv7e-m/fpu\libgcc.a
LOAD c:/program files (x86)/gnu tools arm embedded/5.2 2015q4/bin/../lib/gcc/arm-none-eabi/5.2.1/../../../../arm-none-eabi/lib/armv7e-m/fpu\libc.a
END GROUP
START GROUP
LOAD c:/program files (x86)/gnu tools arm embedded/5.2 2015q4/bin/../lib/gcc/arm-none-eabi/5.2.1/armv7e-m/fpu\libgcc.a
LOAD c:/program files (x86)/gnu tools arm embedded/5.2 2015q4/bin/../lib/gcc/arm-none-eabi/5.2.1/../../../../arm-none-eabi/lib/armv7e-m/fpu\libc.a
LOAD c:/program files (x86)/gnu tools arm embedded/5.2 2015q4/bin/../lib/gcc/arm-none-eabi/5.2.1/../../../../arm-none-eabi/lib/armv7e-m/fpu\libnosys.a
END GROUP
LOAD c:/program files (x86)/gnu tools arm embedded/5.2 2015q4/bin/../lib/gcc/arm-none-eabi/5.2.1/armv7e-m/fpu/crtend.o
LOAD c:/program files (x86)/gnu tools arm embedded/5.2 2015q4/bin/../lib/gcc/arm-none-eabi/5.2.1/armv7e-m/fpu/crtn.o
                0x20030000                _estack = 0x20030000
                0x00000200                _Min_Heap_Size = 0x200
                0x00000400                _Min_Stack_Size = 0x400

.isr_vector     0x08010000      0x1ac
                0x08010000                . = ALIGN (0x4)
 *(.isr_vector)
 .isr_vector    0x08010000      0x1ac C:\PROGRA~2\VT3_8920\VT3\RESOUR~1\targets\CANVIEW4\lib\lld\libCANView4.a(startup_stm32f429xx.o)
                0x08010000                g_pfnVectors
                0x080101ac                . = ALIGN (0x4)

.version_vector
                0x080101b0        0x8
                0x080101b0                . = ALIGN (0x4)
 *(.version_vector)
 .version_vector
                0x080101b0        0x8 C:\PROGRA~2\VT3_8920\VT3\RESOUR~1\targets\CANVIEW4\lib\lld\libCANView4.a(CANView4_HW_lib.o)
                0x080101b0                FW_version
 *(.version_vector*)
                0x080101b8                . = ALIGN (0x4)

.vt3_ext_RAM_vector
                0xc0300000        0x0
                0xc0300000                . = ALIGN (0x4)
 *(.vt3_ext_RAM_vector)
 *(.vt3_ext_RAM_vector*)
                0xc0300000                . = ALIGN (0x4)

.text           0x080101c0    0x68df8
                0x080101c0                . = ALIGN (0x4)
 *(.text)
 .text          0x080101c0        0x0 c:/program files (x86)/gnu tools arm embedded/5.2 2015q4/bin/../lib/gcc/arm-none-eabi/5.2.1/armv7e-m/fpu/crti.o
 .text          0x080101c0       0xa4 c:/program files (x86)/gnu tools arm embedded/5.2 2015q4/bin/../lib/gcc/arm-none-eabi/5.2.1/armv7e-m/fpu/crtbegin.o
 .text          0x08010264       0x74 c:/program files (x86)/gnu tools arm embedded/5.2 2015q4/bin/../lib/gcc/arm-none-eabi/5.2.1/../../../../arm-none-eabi/lib/armv7e-m/fpu/crt0.o
                0x08010264                _start
                0x08010264                _mainCRTStartup
 .text          0x080102d8       0x58 C:\PROGRA~2\VT3_8920\VT3\RESOUR~1\targets\CANVIEW4\lib\\lld\sysmem.o
                0x080102d8                _sbrk
 .text          0x08010330       0x20 vt3_code/vt3_lang.c.o
                0x08010330                TRANSLATE
 .text          0x08010350       0x34 vt3_code/vt3_IO.c.o
                0x08010350                vt3_IO_init
                0x08010374                vt3_IO_cycle
 .text          0x08010384      0x2f0 vt3_code/vt3_disp.c.o
                0x08010384                vt3_init_ind_Main
                0x080103bc                vt3_draw_ind_Main
                0x08010438                vt3_init_ind_screen_frame
                0x08010470                vt3_draw_ind_screen_frame
                0x080104fc                vt3_init_ind_Splash
                0x08010534                vt3_draw_ind_Splash
                0x080105cc                vt3_disp_init
                0x08010600                vt3_disp_draw
 .text          0x08010674      0x2cc vt3_code/vt3_disp_events.c.o
                0x08010674                vt3_event_ind_Main
                0x0801068c                vt3_event_ind_Main_simple_text
                0x080106b0                vt3_event_ind_Main_simple_text_2
                0x080106d4                vt3_event_ind_Main_multibitmap
                0x080106fc                vt3_event_ind_Main_multibitmap_2
                0x08010724                vt3_event_ind_Main_number
                0x0801074c                vt3_event_ind_Main_number_2
                0x08010774                vt3_event_ind_screen_frame
                0x0801078c                vt3_event_ind_screen_frame_key_F1
                0x080107d0                vt3_event_ind_screen_frame_key_F2
                0x08010814                vt3_event_ind_screen_frame_key_F3
                0x08010858                vt3_event_ind_screen_frame_key_F4
                0x0801089c                vt3_event_ind_screen_frame_key_F5
                0x080108e0                vt3_event_ind_screen_frame_screen_backlight
                0x08010908                vt3_event_ind_Splash
                0x08010920                vt3_event_ind_Splash_multibitmap
 .text          0x08010940        0x0 vt3_code/vt3_alarms.c.o
 .text          0x08010940        0x0 vt3_code/vt3_signature.c.o
 .text          0x08010940        0x0 vt3_code/vt3_images.c.o
 .text          0x08010940        0x0 vt3_code/vt3_Font__RobotoBold36.c.o
 .text          0x08010940        0x0 vt3_code/vt3_Font__RobotoBold49.c.o
 .text          0x08010940      0x1e4 vt3_code/vt3_POU__MAIN.c.o
                0x08010940                MAIN__init
                0x08010adc                MAIN__call
 .text          0x08010b24       0x38 vt3_code/vt3_POU__global_data.c.o
                0x08010b24                global_data__init
 .text          0x08010b5c       0x38 vt3_code/vt3_POU__key_data.c.o
                0x08010b5c                key_data__init
 .text          0x08010b94       0x80 vt3_code/vt3_POU_common.c.o
                0x08010ba4                vt3_idle_task
                0x08010bb4                vt3_init_all_pous
 .text          0x08010c14        0x0 vt3_code/vt3_vars.c.o
 .text          0x08010c14        0x0 vt3_code/vt3_var_version.c.o
 .text          0x08010c14       0x48 vt3_code/vt3_init_persistent_p_array.c.o
                0x08010c14                initialize_bytearray_P
 .text          0x08010c5c       0x48 vt3_code/vt3_init_persistent_r_array.c.o
                0x08010c5c                initialize_bytearray_R
 .text          0x08010ca4       0x48 vt3_code/vt3_init_persistent_f_array.c.o
                0x08010ca4                initialize_bytearray_F
 .text          0x08010cec      0x254 vt3_code/vt3_CAN__CanInterface.c.o
                0x08010d54                vt3_can_CanInterface_init
                0x08010dec                vt3_can_CanInterface_rx
                0x08010e48                vt3_can_CanInterface_tx
 .text          0x08010f40       0x24 vt3_code/vt3_CAN_common.c.o
                0x08010f40                vt3_can_init
                0x08010f4c                vt3_can_rx
                0x08010f58                vt3_can_tx
 .text          0x08010f64        0x0 extra/vt3_extra.c.o
 .text          0x08010f64        0x0 __OBJE~1/vt3_extra.c.o
 .text          0x08010f64       0x78 __OBJE~1/vt3_POU__closeUSB.c.o
                0x08010f64                closeUSB__init
                0x08010fb0                closeUSB__call
 .text          0x08010fdc        0x0 __OBJE~1/vt3_POU__DATA_ARRAY_255.c.o
 .text          0x08010fdc        0x0 __OBJE~1/vt3_POU__DATA_ARRAY_50.c.o
 .text          0x08010fdc        0x0 __OBJE~1/vt3_POU__ENUM_KEY_MODE.c.o
 .text          0x08010fdc        0x0 __OBJE~1/vt3_POU__ENUM_MODE_ERR.c.o
 .text          0x08010fdc        0x0 __OBJE~1/vt3_POU__ENUM_OPEN_FILE.c.o
 .text          0x08010fdc        0x0 __OBJE~1/vt3_POU__ENUM_PARITY.c.o
 .text          0x08010fdc        0x0 __OBJE~1/vt3_POU__ENUM_UART_ERR.c.o
 .text          0x08010fdc        0x0 __OBJE~1/vt3_POU__ENUM_UPDATE.c.o
 .text          0x08010fdc        0x0 __OBJE~1/vt3_POU__ENUM_USB_ERR.c.o
 .text          0x08010fdc       0x78 __OBJE~1/vt3_POU__ForceUpdate.c.o
                0x08010fdc                ForceUpdate__init
                0x08011028                ForceUpdate__call
 .text          0x08011054       0x88 __OBJE~1/vt3_POU__initCOM.c.o
                0x08011054                initCOM__init
                0x080110a0                initCOM__call
 .text          0x080110dc       0x78 __OBJE~1/vt3_POU__mountUSB.c.o
                0x080110dc                mountUSB__init
                0x08011128                mountUSB__call
 .text          0x08011154       0x84 __OBJE~1/vt3_POU__openUSB.c.o
                0x08011154                openUSB__init
                0x080111a0                openUSB__call
 .text          0x080111d8       0x78 __OBJE~1/vt3_POU__PowerOff.c.o
                0x080111d8                PowerOff__init
                0x08011224                PowerOff__call
 .text          0x08011250       0xe0 __OBJE~1/vt3_POU__readByteCOM.c.o
                0x08011250                readByteCOM__init
                0x0801129c                readByteCOM__call
 .text          0x08011330       0xe8 __OBJE~1/vt3_POU__readStringCOM.c.o
                0x08011330                readStringCOM__init
                0x0801137c                readStringCOM__call
 .text          0x08011418       0xe8 __OBJE~1/vt3_POU__readStringUSB.c.o
                0x08011418                readStringUSB__init
                0x08011464                readStringUSB__call
 .text          0x08011500       0xac __OBJE~1/vt3_POU__resetBufferCOM.c.o
                0x08011500                resetBufferCOM__init
                0x0801154c                resetBufferCOM__call
 .text          0x080115ac       0x80 __OBJE~1/vt3_POU__SetKeyMode.c.o
                0x080115ac                SetKeyMode__init
                0x080115f8                SetKeyMode__call
 .text          0x0801162c       0x78 __OBJE~1/vt3_POU__umountUSB.c.o
                0x0801162c                umountUSB__init
                0x08011678                umountUSB__call
 .text          0x080116a4       0x80 __OBJE~1/vt3_POU__writeByteCOM.c.o
                0x080116a4                writeByteCOM__init
                0x080116f0                writeByteCOM__call
 .text          0x08011724       0x78 __OBJE~1/vt3_POU__writeElogUSB.c.o
                0x08011724                writeElogUSB__init
                0x08011770                writeElogUSB__call
 .text          0x0801179c       0x84 __OBJE~1/vt3_POU__writeStringCOM.c.o
                0x0801179c                writeStringCOM__init
                0x080117e8                writeStringCOM__call
 .text          0x08011820       0xc0 __OBJE~1/vt3_POU__writeStringUSB.c.o
                0x08011820                writeStringUSB__init
                0x0801186c                writeStringUSB__call
 .text          0x080118e0        0x0 C:\PROGRA~2\VT3_8920\VT3\RESOUR~1\targets\CANVIEW4\lib\vt3_runtime\libvt3_runtime.a(VT3_Main.o)
 .text          0x080118e0        0x0 C:\PROGRA~2\VT3_8920\VT3\RESOUR~1\targets\CANVIEW4\lib\vt3_runtime\libvt3_runtime.a(VT3_Runtime.o)
 .text          0x080118e0        0x0 C:\PROGRA~2\VT3_8920\VT3\RESOUR~1\targets\CANVIEW4\lib\vt3_runtime\libvt3_runtime.a(VT3_Cycle100.o)
 .text          0x080118e0        0x0 C:\PROGRA~2\VT3_8920\VT3\RESOUR~1\targets\CANVIEW4\lib\vt3_runtime\libvt3_runtime.a(VT3_Cycle20.o)
 .text          0x080118e0        0x0 C:\PROGRA~2\VT3_8920\VT3\RESOUR~1\targets\CANVIEW4\lib\vt3_common\libvt3_common.a(IEC_Lib.o)
 .text          0x080118e0        0x0 C:\PROGRA~2\VT3_8920\VT3\RESOUR~1\targets\CANVIEW4\lib\vt3_common\libvt3_common.a(VT3_CAN_debug.o)
 .text          0x080118e0        0x0 C:\PROGRA~2\VT3_8920\VT3\RESOUR~1\targets\CANVIEW4\lib\vt3_common\libvt3_common.a(VT3_Draw.o)
 .text          0x080118e0        0x0 C:\PROGRA~2\VT3_8920\VT3\RESOUR~1\targets\CANVIEW4\lib\vt3_common\libvt3_common.a(VT3_Runtime_Common.o)
 .text          0x080118e0        0x0 C:\PROGRA~2\VT3_8920\VT3\RESOUR~1\targets\CANVIEW4\lib\vt3_common\libvt3_common.a(VT3_elog.o)
 .text          0x080118e0       0x14 C:\PROGRA~2\VT3_8920\VT3\RESOUR~1\targets\CANVIEW4\lib\lld\libCANView4.a(startup_stm32f429xx.o)
 .text          0x080118f4        0x0 C:\PROGRA~2\VT3_8920\VT3\RESOUR~1\targets\CANVIEW4\lib\lld\libCANView4.a(stm32f4xx_it.o)
 .text          0x080118f4        0x0 C:\PROGRA~2\VT3_8920\VT3\RESOUR~1\targets\CANVIEW4\lib\lld\libCANView4.a(usbh_conf.o)
 .text          0x080118f4        0x0 C:\PROGRA~2\VT3_8920\VT3\RESOUR~1\targets\CANVIEW4\lib\lld\libCANView4.a(system_stm32f4xx.o)
 .text          0x080118f4        0x0 C:\PROGRA~2\VT3_8920\VT3\RESOUR~1\targets\CANVIEW4\lib\lld\libCANView4.a(stm32f4xx_hal.o)
 .text          0x080118f4        0x0 C:\PROGRA~2\VT3_8920\VT3\RESOUR~1\targets\CANVIEW4\lib\lld\libCANView4.a(stm32f4xx_hal_cortex.o)
 .text          0x080118f4        0x0 C:\PROGRA~2\VT3_8920\VT3\RESOUR~1\targets\CANVIEW4\lib\lld\libCANView4.a(stm32f4xx_hal_dcmi.o)
 .text          0x080118f4        0x0 C:\PROGRA~2\VT3_8920\VT3\RESOUR~1\targets\CANVIEW4\lib\lld\libCANView4.a(stm32f4xx_hal_dma.o)
 .text          0x080118f4        0x0 C:\PROGRA~2\VT3_8920\VT3\RESOUR~1\targets\CANVIEW4\lib\lld\libCANView4.a(stm32f4xx_hal_dma_ex.o)
 .text          0x080118f4        0x0 C:\PROGRA~2\VT3_8920\VT3\RESOUR~1\targets\CANVIEW4\lib\lld\libCANView4.a(stm32f4xx_hal_gpio.o)
 .text          0x080118f4        0x0 C:\PROGRA~2\VT3_8920\VT3\RESOUR~1\targets\CANVIEW4\lib\lld\libCANView4.a(stm32f4xx_hal_hcd.o)
 .text          0x080118f4        0x0 C:\PROGRA~2\VT3_8920\VT3\RESOUR~1\targets\CANVIEW4\lib\lld\libCANView4.a(stm32f4xx_hal_rcc.o)
 .text          0x080118f4        0x0 C:\PROGRA~2\VT3_8920\VT3\RESOUR~1\targets\CANVIEW4\lib\lld\libCANView4.a(stm32f4xx_hal_tim.o)
 .text          0x080118f4        0x0 C:\PROGRA~2\VT3_8920\VT3\RESOUR~1\targets\CANVIEW4\lib\lld\libCANView4.a(stm32f4xx_hal_tim_ex.o)
 .text          0x080118f4        0x0 C:\PROGRA~2\VT3_8920\VT3\RESOUR~1\targets\CANVIEW4\lib\lld\libCANView4.a(stm32f4xx_hal_uart.o)
 .text          0x080118f4        0x0 C:\PROGRA~2\VT3_8920\VT3\RESOUR~1\targets\CANVIEW4\lib\lld\libCANView4.a(stm32f4xx_ll_usb.o)
 .text          0x080118f4        0x0 C:\PROGRA~2\VT3_8920\VT3\RESOUR~1\targets\CANVIEW4\lib\lld\libCANView4.a(CRC16.o)
 .text          0x080118f4        0x0 C:\PROGRA~2\VT3_8920\VT3\RESOUR~1\targets\CANVIEW4\lib\lld\libCANView4.a(Camera.o)
 .text          0x080118f4        0x0 C:\PROGRA~2\VT3_8920\VT3\RESOUR~1\targets\CANVIEW4\lib\lld\libCANView4.a(CANView4_Event_Log.o)
 .text          0x080118f4        0x0 C:\PROGRA~2\VT3_8920\VT3\RESOUR~1\targets\CANVIEW4\lib\lld\libCANView4.a(CANView4_HW_lib.o)
 .text          0x080118f4        0x0 C:\PROGRA~2\VT3_8920\VT3\RESOUR~1\targets\CANVIEW4\lib\lld\libCANView4.a(CANView4_Mem_EEPROM.o)
 .text          0x080118f4        0x0 C:\PROGRA~2\VT3_8920\VT3\RESOUR~1\targets\CANVIEW4\lib\lld\libCANView4.a(CANView4_Mem_EXT_FLASH.o)
 .text          0x080118f4        0x0 C:\PROGRA~2\VT3_8920\VT3\RESOUR~1\targets\CANVIEW4\lib\lld\libCANView4.a(CANView4_Node.o)
 .text          0x080118f4        0x0 C:\PROGRA~2\VT3_8920\VT3\RESOUR~1\targets\CANVIEW4\lib\lld\libCANView4.a(CANView4_STM_periphs_lib.o)
 .text          0x080118f4        0x0 C:\PROGRA~2\VT3_8920\VT3\RESOUR~1\targets\CANVIEW4\lib\lld\libCANView4.a(CANView4_Task_Manager.o)
 .text          0x080118f4        0x0 C:\PROGRA~2\VT3_8920\VT3\RESOUR~1\targets\CANVIEW4\lib\lld\libCANView4.a(KWP2000_Light.o)
 .text          0x080118f4        0x0 C:\PROGRA~2\VT3_8920\VT3\RESOUR~1\targets\CANVIEW4\lib\lld\libCANView4.a(Virtual_TIMs.o)
 .text          0x080118f4        0x0 C:\PROGRA~2\VT3_8920\VT3\RESOUR~1\targets\CANVIEW4\lib\lld\libCANView4.a(Display_Utilities.o)
 .text          0x080118f4        0x0 C:\PROGRA~2\VT3_8920\VT3\RESOUR~1\targets\CANVIEW4\lib\lld\libCANView4.a(Display_lib.o)
 .text          0x080118f4        0x0 C:\PROGRA~2\VT3_8920\VT3\RESOUR~1\targets\CANVIEW4\lib\lld\libCANView4.a(eeprom.o)
 .text          0x080118f4        0x0 C:\PROGRA~2\VT3_8920\VT3\RESOUR~1\targets\CANVIEW4\lib\lld\libCANView4.a(Spansion_128Mb.o)
 .text          0x080118f4        0x0 C:\PROGRA~2\VT3_8920\VT3\RESOUR~1\targets\CANVIEW4\lib\lld\libCANView4.a(CAN.o)
 .text          0x080118f4        0x0 C:\PROGRA~2\VT3_8920\VT3\RESOUR~1\targets\CANVIEW4\lib\lld\libCANView4.a(Generic_IO.o)
 .text          0x080118f4        0x0 C:\PROGRA~2\VT3_8920\VT3\RESOUR~1\targets\CANVIEW4\lib\lld\libCANView4.a(RS232.o)
 .text          0x080118f4        0x0 C:\PROGRA~2\VT3_8920\VT3\RESOUR~1\targets\CANVIEW4\lib\lld\libCANView4.a(MD5.o)
 .text          0x080118f4        0x0 C:\PROGRA~2\VT3_8920\VT3\RESOUR~1\targets\CANVIEW4\lib\lld\libCANView4.a(RTC.o)
 .text          0x080118f4        0x0 C:\PROGRA~2\VT3_8920\VT3\RESOUR~1\targets\CANVIEW4\lib\lld\libCANView4.a(CANView4_Mem_RTC.o)
 .text          0x080118f4        0x0 C:\PROGRA~2\VT3_8920\VT3\RESOUR~1\targets\CANVIEW4\lib\lld\libCANView4.a(TVP5150.o)
 .text          0x080118f4        0x0 C:\PROGRA~2\VT3_8920\VT3\RESOUR~1\targets\CANVIEW4\lib\lld\libCANView4.a(USB_Utilities.o)
 .text          0x080118f4        0x0 C:\PROGRA~2\VT3_8920\VT3\RESOUR~1\targets\CANVIEW4\lib\lld\libCANView4.a(Utilities.o)
 .text          0x080118f4        0x0 C:\PROGRA~2\VT3_8920\VT3\RESOUR~1\targets\CANVIEW4\lib\lld\libCANView4.a(ff.o)
 .text          0x080118f4        0x0 C:\PROGRA~2\VT3_8920\VT3\RESOUR~1\targets\CANVIEW4\lib\lld\libCANView4.a(cmsis_os.o)
 .text          0x080118f4        0x0 C:\PROGRA~2\VT3_8920\VT3\RESOUR~1\targets\CANVIEW4\lib\lld\libCANView4.a(heap_4.o)
 .text          0x080118f4        0x0 C:\PROGRA~2\VT3_8920\VT3\RESOUR~1\targets\CANVIEW4\lib\lld\libCANView4.a(port.o)
 .text          0x080118f4        0x0 C:\PROGRA~2\VT3_8920\VT3\RESOUR~1\targets\CANVIEW4\lib\lld\libCANView4.a(queue.o)
 .text          0x080118f4        0x0 C:\PROGRA~2\VT3_8920\VT3\RESOUR~1\targets\CANVIEW4\lib\lld\libCANView4.a(tasks.o)
 .text          0x080118f4        0x0 C:\PROGRA~2\VT3_8920\VT3\RESOUR~1\targets\CANVIEW4\lib\lld\libCANView4.a(usbh_core.o)
 .text          0x080118f4        0x0 C:\PROGRA~2\VT3_8920\VT3\RESOUR~1\targets\CANVIEW4\lib\lld\libCANView4.a(usbh_ctlreq.o)
 .text          0x080118f4        0x0 C:\PROGRA~2\VT3_8920\VT3\RESOUR~1\targets\CANVIEW4\lib\lld\libCANView4.a(usbh_ioreq.o)
 .text          0x080118f4        0x0 C:\PROGRA~2\VT3_8920\VT3\RESOUR~1\targets\CANVIEW4\lib\lld\libCANView4.a(usbh_pipes.o)
 .text          0x080118f4        0x0 C:\PROGRA~2\VT3_8920\VT3\RESOUR~1\targets\CANVIEW4\lib\lld\libCANView4.a(fatfs.o)
 .text          0x080118f4        0x0 C:\PROGRA~2\VT3_8920\VT3\RESOUR~1\targets\CANVIEW4\lib\lld\libCANView4.a(stm32f4xx_hal_msp.o)
 .text          0x080118f4        0x0 C:\PROGRA~2\VT3_8920\VT3\RESOUR~1\targets\CANVIEW4\lib\lld\libCANView4.a(usb_host.o)
 .text          0x080118f4        0x0 C:\PROGRA~2\VT3_8920\VT3\RESOUR~1\targets\CANVIEW4\lib\lld\libCANView4.a(stm32f4xx_hal_adc.o)
 .text          0x080118f4        0x0 C:\PROGRA~2\VT3_8920\VT3\RESOUR~1\targets\CANVIEW4\lib\lld\libCANView4.a(stm32f4xx_hal_adc_ex.o)
 .text          0x080118f4        0x0 C:\PROGRA~2\VT3_8920\VT3\RESOUR~1\targets\CANVIEW4\lib\lld\libCANView4.a(stm32f4xx_hal_can.o)
 .text          0x080118f4        0x0 C:\PROGRA~2\VT3_8920\VT3\RESOUR~1\targets\CANVIEW4\lib\lld\libCANView4.a(stm32f4xx_hal_dma2d.o)
 .text          0x080118f4        0x0 C:\PROGRA~2\VT3_8920\VT3\RESOUR~1\targets\CANVIEW4\lib\lld\libCANView4.a(stm32f4xx_hal_flash.o)
 .text          0x080118f4        0x0 C:\PROGRA~2\VT3_8920\VT3\RESOUR~1\targets\CANVIEW4\lib\lld\libCANView4.a(stm32f4xx_hal_flash_ex.o)
 .text          0x080118f4        0x0 C:\PROGRA~2\VT3_8920\VT3\RESOUR~1\targets\CANVIEW4\lib\lld\libCANView4.a(stm32f4xx_hal_i2c.o)
 .text          0x080118f4        0x0 C:\PROGRA~2\VT3_8920\VT3\RESOUR~1\targets\CANVIEW4\lib\lld\libCANView4.a(stm32f4xx_hal_ltdc.o)
 .text          0x080118f4        0x0 C:\PROGRA~2\VT3_8920\VT3\RESOUR~1\targets\CANVIEW4\lib\lld\libCANView4.a(stm32f4xx_hal_pwr.o)
 .text          0x080118f4        0x0 C:\PROGRA~2\VT3_8920\VT3\RESOUR~1\targets\CANVIEW4\lib\lld\libCANView4.a(stm32f4xx_hal_pwr_ex.o)
 .text          0x080118f4        0x0 C:\PROGRA~2\VT3_8920\VT3\RESOUR~1\targets\CANVIEW4\lib\lld\libCANView4.a(stm32f4xx_hal_rcc_ex.o)
 .text          0x080118f4        0x0 C:\PROGRA~2\VT3_8920\VT3\RESOUR~1\targets\CANVIEW4\lib\lld\libCANView4.a(stm32f4xx_hal_rtc.o)
 .text          0x080118f4        0x0 C:\PROGRA~2\VT3_8920\VT3\RESOUR~1\targets\CANVIEW4\lib\lld\libCANView4.a(stm32f4xx_hal_rtc_ex.o)
 .text          0x080118f4        0x0 C:\PROGRA~2\VT3_8920\VT3\RESOUR~1\targets\CANVIEW4\lib\lld\libCANView4.a(stm32f4xx_hal_sdram.o)
 .text          0x080118f4        0x0 C:\PROGRA~2\VT3_8920\VT3\RESOUR~1\targets\CANVIEW4\lib\lld\libCANView4.a(stm32f4xx_hal_spi.o)
 .text          0x080118f4        0x0 C:\PROGRA~2\VT3_8920\VT3\RESOUR~1\targets\CANVIEW4\lib\lld\libCANView4.a(stm32f4xx_ll_fmc.o)
 .text          0x080118f4        0x0 C:\PROGRA~2\VT3_8920\VT3\RESOUR~1\targets\CANVIEW4\lib\lld\libCANView4.a(CRC32.o)
 .text          0x080118f4        0x0 C:\PROGRA~2\VT3_8920\VT3\RESOUR~1\targets\CANVIEW4\lib\lld\libCANView4.a(ccsbcs.o)
 .text          0x080118f4        0x0 C:\PROGRA~2\VT3_8920\VT3\RESOUR~1\targets\CANVIEW4\lib\lld\libCANView4.a(diskio.o)
 .text          0x080118f4        0x0 C:\PROGRA~2\VT3_8920\VT3\RESOUR~1\targets\CANVIEW4\lib\lld\libCANView4.a(ff_gen_drv.o)
 .text          0x080118f4        0x0 C:\PROGRA~2\VT3_8920\VT3\RESOUR~1\targets\CANVIEW4\lib\lld\libCANView4.a(usbh_diskio.o)
 .text          0x080118f4        0x0 C:\PROGRA~2\VT3_8920\VT3\RESOUR~1\targets\CANVIEW4\lib\lld\libCANView4.a(list.o)
 .text          0x080118f4        0x0 C:\PROGRA~2\VT3_8920\VT3\RESOUR~1\targets\CANVIEW4\lib\lld\libCANView4.a(usbh_msc.o)
 .text          0x080118f4        0x0 C:\PROGRA~2\VT3_8920\VT3\RESOUR~1\targets\CANVIEW4\lib\lld\libCANView4.a(usbh_msc_bot.o)
 .text          0x080118f4        0x0 C:\PROGRA~2\VT3_8920\VT3\RESOUR~1\targets\CANVIEW4\lib\lld\libCANView4.a(usbh_msc_scsi.o)
 .text          0x080118f4        0x0 c:/program files (x86)/gnu tools arm embedded/5.2 2015q4/bin/../lib/gcc/arm-none-eabi/5.2.1/../../../../arm-none-eabi/lib/armv7e-m/fpu\libm.a(lib_a-s_cos.o)
 .text          0x080118f4        0x0 c:/program files (x86)/gnu tools arm embedded/5.2 2015q4/bin/../lib/gcc/arm-none-eabi/5.2.1/../../../../arm-none-eabi/lib/armv7e-m/fpu\libm.a(lib_a-s_sin.o)
 .text          0x080118f4        0x0 c:/program files (x86)/gnu tools arm embedded/5.2 2015q4/bin/../lib/gcc/arm-none-eabi/5.2.1/../../../../arm-none-eabi/lib/armv7e-m/fpu\libm.a(lib_a-sf_tan.o)
 .text          0x080118f4        0x0 c:/program files (x86)/gnu tools arm embedded/5.2 2015q4/bin/../lib/gcc/arm-none-eabi/5.2.1/../../../../arm-none-eabi/lib/armv7e-m/fpu\libm.a(lib_a-w_acos.o)
 .text          0x080118f4        0x0 c:/program files (x86)/gnu tools arm embedded/5.2 2015q4/bin/../lib/gcc/arm-none-eabi/5.2.1/../../../../arm-none-eabi/lib/armv7e-m/fpu\libm.a(lib_a-w_asin.o)
 .text          0x080118f4        0x0 c:/program files (x86)/gnu tools arm embedded/5.2 2015q4/bin/../lib/gcc/arm-none-eabi/5.2.1/../../../../arm-none-eabi/lib/armv7e-m/fpu\libm.a(lib_a-w_pow.o)
 .text          0x080118f4        0x0 c:/program files (x86)/gnu tools arm embedded/5.2 2015q4/bin/../lib/gcc/arm-none-eabi/5.2.1/../../../../arm-none-eabi/lib/armv7e-m/fpu\libm.a(lib_a-wf_exp.o)
 .text          0x080118f4        0x0 c:/program files (x86)/gnu tools arm embedded/5.2 2015q4/bin/../lib/gcc/arm-none-eabi/5.2.1/../../../../arm-none-eabi/lib/armv7e-m/fpu\libm.a(lib_a-wf_log.o)
 .text          0x080118f4        0x0 c:/program files (x86)/gnu tools arm embedded/5.2 2015q4/bin/../lib/gcc/arm-none-eabi/5.2.1/../../../../arm-none-eabi/lib/armv7e-m/fpu\libm.a(lib_a-wf_log10.o)
 .text          0x080118f4        0x0 c:/program files (x86)/gnu tools arm embedded/5.2 2015q4/bin/../lib/gcc/arm-none-eabi/5.2.1/../../../../arm-none-eabi/lib/armv7e-m/fpu\libm.a(lib_a-wf_pow.o)
 .text          0x080118f4        0x0 c:/program files (x86)/gnu tools arm embedded/5.2 2015q4/bin/../lib/gcc/arm-none-eabi/5.2.1/../../../../arm-none-eabi/lib/armv7e-m/fpu\libm.a(lib_a-wf_sqrt.o)
 .text          0x080118f4        0x0 c:/program files (x86)/gnu tools arm embedded/5.2 2015q4/bin/../lib/gcc/arm-none-eabi/5.2.1/../../../../arm-none-eabi/lib/armv7e-m/fpu\libm.a(lib_a-e_acos.o)
 .text          0x080118f4        0x0 c:/program files (x86)/gnu tools arm embedded/5.2 2015q4/bin/../lib/gcc/arm-none-eabi/5.2.1/../../../../arm-none-eabi/lib/armv7e-m/fpu\libm.a(lib_a-e_asin.o)
 .text          0x080118f4        0x0 c:/program files (x86)/gnu tools arm embedded/5.2 2015q4/bin/../lib/gcc/arm-none-eabi/5.2.1/../../../../arm-none-eabi/lib/armv7e-m/fpu\libm.a(lib_a-e_pow.o)
 .text          0x080118f4        0x0 c:/program files (x86)/gnu tools arm embedded/5.2 2015q4/bin/../lib/gcc/arm-none-eabi/5.2.1/../../../../arm-none-eabi/lib/armv7e-m/fpu\libm.a(lib_a-e_rem_pio2.o)
 .text          0x080118f4        0x0 c:/program files (x86)/gnu tools arm embedded/5.2 2015q4/bin/../lib/gcc/arm-none-eabi/5.2.1/../../../../arm-none-eabi/lib/armv7e-m/fpu\libm.a(lib_a-e_sqrt.o)
 .text          0x080118f4        0x0 c:/program files (x86)/gnu tools arm embedded/5.2 2015q4/bin/../lib/gcc/arm-none-eabi/5.2.1/../../../../arm-none-eabi/lib/armv7e-m/fpu\libm.a(lib_a-ef_exp.o)
 .text          0x080118f4        0x0 c:/program files (x86)/gnu tools arm embedded/5.2 2015q4/bin/../lib/gcc/arm-none-eabi/5.2.1/../../../../arm-none-eabi/lib/armv7e-m/fpu\libm.a(lib_a-ef_log.o)
 .text          0x080118f4        0x0 c:/program files (x86)/gnu tools arm embedded/5.2 2015q4/bin/../lib/gcc/arm-none-eabi/5.2.1/../../../../arm-none-eabi/lib/armv7e-m/fpu\libm.a(lib_a-ef_log10.o)
 .text          0x080118f4        0x0 c:/program files (x86)/gnu tools arm embedded/5.2 2015q4/bin/../lib/gcc/arm-none-eabi/5.2.1/../../../../arm-none-eabi/lib/armv7e-m/fpu\libm.a(lib_a-ef_pow.o)
 .text          0x080118f4        0x0 c:/program files (x86)/gnu tools arm embedded/5.2 2015q4/bin/../lib/gcc/arm-none-eabi/5.2.1/../../../../arm-none-eabi/lib/armv7e-m/fpu\libm.a(lib_a-ef_rem_pio2.o)
 .text          0x080118f4        0x0 c:/program files (x86)/gnu tools arm embedded/5.2 2015q4/bin/../lib/gcc/arm-none-eabi/5.2.1/../../../../arm-none-eabi/lib/armv7e-m/fpu\libm.a(lib_a-ef_sqrt.o)
 .text          0x080118f4        0x0 c:/program files (x86)/gnu tools arm embedded/5.2 2015q4/bin/../lib/gcc/arm-none-eabi/5.2.1/../../../../arm-none-eabi/lib/armv7e-m/fpu\libm.a(lib_a-k_cos.o)
 .text          0x080118f4        0x0 c:/program files (x86)/gnu tools arm embedded/5.2 2015q4/bin/../lib/gcc/arm-none-eabi/5.2.1/../../../../arm-none-eabi/lib/armv7e-m/fpu\libm.a(lib_a-k_rem_pio2.o)
 .text          0x080118f4        0x0 c:/program files (x86)/gnu tools arm embedded/5.2 2015q4/bin/../lib/gcc/arm-none-eabi/5.2.1/../../../../arm-none-eabi/lib/armv7e-m/fpu\libm.a(lib_a-k_sin.o)
 .text          0x080118f4        0x0 c:/program files (x86)/gnu tools arm embedded/5.2 2015q4/bin/../lib/gcc/arm-none-eabi/5.2.1/../../../../arm-none-eabi/lib/armv7e-m/fpu\libm.a(lib_a-kf_rem_pio2.o)
 .text          0x080118f4        0x0 c:/program files (x86)/gnu tools arm embedded/5.2 2015q4/bin/../lib/gcc/arm-none-eabi/5.2.1/../../../../arm-none-eabi/lib/armv7e-m/fpu\libm.a(lib_a-kf_tan.o)
 .text          0x080118f4        0x0 c:/program files (x86)/gnu tools arm embedded/5.2 2015q4/bin/../lib/gcc/arm-none-eabi/5.2.1/../../../../arm-none-eabi/lib/armv7e-m/fpu\libm.a(lib_a-s_fabs.o)
 .text          0x080118f4        0x0 c:/program files (x86)/gnu tools arm embedded/5.2 2015q4/bin/../lib/gcc/arm-none-eabi/5.2.1/../../../../arm-none-eabi/lib/armv7e-m/fpu\libm.a(lib_a-s_finite.o)
 .text          0x080118f4        0x0 c:/program files (x86)/gnu tools arm embedded/5.2 2015q4/bin/../lib/gcc/arm-none-eabi/5.2.1/../../../../arm-none-eabi/lib/armv7e-m/fpu\libm.a(lib_a-s_floor.o)
 .text          0x080118f4        0x0 c:/program files (x86)/gnu tools arm embedded/5.2 2015q4/bin/../lib/gcc/arm-none-eabi/5.2.1/../../../../arm-none-eabi/lib/armv7e-m/fpu\libm.a(lib_a-s_fpclassify.o)
 .text          0x080118f4        0x0 c:/program files (x86)/gnu tools arm embedded/5.2 2015q4/bin/../lib/gcc/arm-none-eabi/5.2.1/../../../../arm-none-eabi/lib/armv7e-m/fpu\libm.a(lib_a-s_lib_ver.o)
 .text          0x080118f4        0x0 c:/program files (x86)/gnu tools arm embedded/5.2 2015q4/bin/../lib/gcc/arm-none-eabi/5.2.1/../../../../arm-none-eabi/lib/armv7e-m/fpu\libm.a(lib_a-s_matherr.o)
 .text          0x080118f4        0x0 c:/program files (x86)/gnu tools arm embedded/5.2 2015q4/bin/../lib/gcc/arm-none-eabi/5.2.1/../../../../arm-none-eabi/lib/armv7e-m/fpu\libm.a(lib_a-s_nan.o)
 .text          0x080118f4        0x0 c:/program files (x86)/gnu tools arm embedded/5.2 2015q4/bin/../lib/gcc/arm-none-eabi/5.2.1/../../../../arm-none-eabi/lib/armv7e-m/fpu\libm.a(lib_a-s_rint.o)
 .text          0x080118f4        0x0 c:/program files (x86)/gnu tools arm embedded/5.2 2015q4/bin/../lib/gcc/arm-none-eabi/5.2.1/../../../../arm-none-eabi/lib/armv7e-m/fpu\libm.a(lib_a-s_scalbn.o)
 .text          0x080118f4        0x0 c:/program files (x86)/gnu tools arm embedded/5.2 2015q4/bin/../lib/gcc/arm-none-eabi/5.2.1/../../../../arm-none-eabi/lib/armv7e-m/fpu\libm.a(lib_a-sf_fabs.o)
 .text          0x080118f4        0x0 c:/program files (x86)/gnu tools arm embedded/5.2 2015q4/bin/../lib/gcc/arm-none-eabi/5.2.1/../../../../arm-none-eabi/lib/armv7e-m/fpu\libm.a(lib_a-sf_finite.o)
 .text          0x080118f4        0x0 c:/program files (x86)/gnu tools arm embedded/5.2 2015q4/bin/../lib/gcc/arm-none-eabi/5.2.1/../../../../arm-none-eabi/lib/armv7e-m/fpu\libm.a(lib_a-sf_floor.o)
 .text          0x080118f4        0x0 c:/program files (x86)/gnu tools arm embedded/5.2 2015q4/bin/../lib/gcc/arm-none-eabi/5.2.1/../../../../arm-none-eabi/lib/armv7e-m/fpu\libm.a(lib_a-sf_fpclassify.o)
 .text          0x080118f4        0x0 c:/program files (x86)/gnu tools arm embedded/5.2 2015q4/bin/../lib/gcc/arm-none-eabi/5.2.1/../../../../arm-none-eabi/lib/armv7e-m/fpu\libm.a(lib_a-sf_nan.o)
 .text          0x080118f4        0x0 c:/program files (x86)/gnu tools arm embedded/5.2 2015q4/bin/../lib/gcc/arm-none-eabi/5.2.1/../../../../arm-none-eabi/lib/armv7e-m/fpu\libm.a(lib_a-sf_scalbn.o)
 .text          0x080118f4        0x0 c:/program files (x86)/gnu tools arm embedded/5.2 2015q4/bin/../lib/gcc/arm-none-eabi/5.2.1/../../../../arm-none-eabi/lib/armv7e-m/fpu\libm.a(lib_a-s_copysign.o)
 .text          0x080118f4        0x0 c:/program files (x86)/gnu tools arm embedded/5.2 2015q4/bin/../lib/gcc/arm-none-eabi/5.2.1/../../../../arm-none-eabi/lib/armv7e-m/fpu\libm.a(lib_a-sf_copysign.o)
 .text          0x080118f4      0x370 c:/program files (x86)/gnu tools arm embedded/5.2 2015q4/bin/../lib/gcc/arm-none-eabi/5.2.1/armv7e-m/fpu\libgcc.a(_arm_addsubdf3.o)
                0x080118f4                __aeabi_drsub
                0x080118fc                __aeabi_dsub
                0x080118fc                __subdf3
                0x08011900                __aeabi_dadd
                0x08011900                __adddf3
                0x08011b78                __floatunsidf
                0x08011b78                __aeabi_ui2d
                0x08011b98                __floatsidf
                0x08011b98                __aeabi_i2d
                0x08011bbc                __aeabi_f2d
                0x08011bbc                __extendsfdf2
                0x08011bf8                __floatundidf
                0x08011bf8                __aeabi_ul2d
                0x08011c08                __floatdidf
                0x08011c08                __aeabi_l2d
 .text          0x08011c64      0x424 c:/program files (x86)/gnu tools arm embedded/5.2 2015q4/bin/../lib/gcc/arm-none-eabi/5.2.1/armv7e-m/fpu\libgcc.a(_arm_muldivdf3.o)
                0x08011c64                __aeabi_dmul
                0x08011c64                __muldf3
                0x08011eb8                __divdf3
                0x08011eb8                __aeabi_ddiv
 .text          0x08012088      0x110 c:/program files (x86)/gnu tools arm embedded/5.2 2015q4/bin/../lib/gcc/arm-none-eabi/5.2.1/armv7e-m/fpu\libgcc.a(_arm_cmpdf2.o)
                0x08012088                __gtdf2
                0x08012088                __gedf2
                0x08012090                __ltdf2
                0x08012090                __ledf2
                0x08012098                __nedf2
                0x08012098                __eqdf2
                0x08012098                __cmpdf2
                0x08012114                __aeabi_cdrcmple
                0x08012124                __aeabi_cdcmpeq
                0x08012124                __aeabi_cdcmple
                0x08012134                __aeabi_dcmpeq
                0x08012148                __aeabi_dcmplt
                0x0801215c                __aeabi_dcmple
                0x08012170                __aeabi_dcmpge
                0x08012184                __aeabi_dcmpgt
 .text          0x08012198       0x50 c:/program files (x86)/gnu tools arm embedded/5.2 2015q4/bin/../lib/gcc/arm-none-eabi/5.2.1/armv7e-m/fpu\libgcc.a(_arm_fixdfsi.o)
                0x08012198                __aeabi_d2iz
                0x08012198                __fixdfsi
 .text          0x080121e8       0xa0 c:/program files (x86)/gnu tools arm embedded/5.2 2015q4/bin/../lib/gcc/arm-none-eabi/5.2.1/armv7e-m/fpu\libgcc.a(_arm_truncdfsf2.o)
                0x080121e8                __truncdfsf2
                0x080121e8                __aeabi_d2f
 .text          0x08012288        0x0 c:/program files (x86)/gnu tools arm embedded/5.2 2015q4/bin/../lib/gcc/arm-none-eabi/5.2.1/../../../../arm-none-eabi/lib/armv7e-m/fpu\libc.a(lib_a-atof.o)
 .text          0x08012288        0x0 c:/program files (x86)/gnu tools arm embedded/5.2 2015q4/bin/../lib/gcc/arm-none-eabi/5.2.1/../../../../arm-none-eabi/lib/armv7e-m/fpu\libc.a(lib_a-atoi.o)
 .text          0x08012288        0x0 c:/program files (x86)/gnu tools arm embedded/5.2 2015q4/bin/../lib/gcc/arm-none-eabi/5.2.1/../../../../arm-none-eabi/lib/armv7e-m/fpu\libc.a(lib_a-atol.o)
 .text          0x08012288        0x0 c:/program files (x86)/gnu tools arm embedded/5.2 2015q4/bin/../lib/gcc/arm-none-eabi/5.2.1/../../../../arm-none-eabi/lib/armv7e-m/fpu\libc.a(lib_a-bsearch.o)
 .text          0x08012288        0x0 c:/program files (x86)/gnu tools arm embedded/5.2 2015q4/bin/../lib/gcc/arm-none-eabi/5.2.1/../../../../arm-none-eabi/lib/armv7e-m/fpu\libc.a(lib_a-errno.o)
 .text          0x08012288        0x0 c:/program files (x86)/gnu tools arm embedded/5.2 2015q4/bin/../lib/gcc/arm-none-eabi/5.2.1/../../../../arm-none-eabi/lib/armv7e-m/fpu\libc.a(lib_a-exit.o)
 .text          0x08012288        0x0 c:/program files (x86)/gnu tools arm embedded/5.2 2015q4/bin/../lib/gcc/arm-none-eabi/5.2.1/../../../../arm-none-eabi/lib/armv7e-m/fpu\libc.a(lib_a-fclose.o)
 .text          0x08012288        0x0 c:/program files (x86)/gnu tools arm embedded/5.2 2015q4/bin/../lib/gcc/arm-none-eabi/5.2.1/../../../../arm-none-eabi/lib/armv7e-m/fpu\libc.a(lib_a-fflush.o)
 .text          0x08012288        0x0 c:/program files (x86)/gnu tools arm embedded/5.2 2015q4/bin/../lib/gcc/arm-none-eabi/5.2.1/../../../../arm-none-eabi/lib/armv7e-m/fpu\libc.a(lib_a-findfp.o)
 .text          0x08012288        0x0 c:/program files (x86)/gnu tools arm embedded/5.2 2015q4/bin/../lib/gcc/arm-none-eabi/5.2.1/../../../../arm-none-eabi/lib/armv7e-m/fpu\libc.a(lib_a-fopen.o)
 .text          0x08012288        0x0 c:/program files (x86)/gnu tools arm embedded/5.2 2015q4/bin/../lib/gcc/arm-none-eabi/5.2.1/../../../../arm-none-eabi/lib/armv7e-m/fpu\libc.a(lib_a-fread.o)
 .text          0x08012288        0x0 c:/program files (x86)/gnu tools arm embedded/5.2 2015q4/bin/../lib/gcc/arm-none-eabi/5.2.1/../../../../arm-none-eabi/lib/armv7e-m/fpu\libc.a(lib_a-freer.o)
 .text          0x08012288        0x0 c:/program files (x86)/gnu tools arm embedded/5.2 2015q4/bin/../lib/gcc/arm-none-eabi/5.2.1/../../../../arm-none-eabi/lib/armv7e-m/fpu\libc.a(lib_a-fseek.o)
 .text          0x08012288        0x0 c:/program files (x86)/gnu tools arm embedded/5.2 2015q4/bin/../lib/gcc/arm-none-eabi/5.2.1/../../../../arm-none-eabi/lib/armv7e-m/fpu\libc.a(lib_a-fseeko.o)
 .text          0x08012288        0x0 c:/program files (x86)/gnu tools arm embedded/5.2 2015q4/bin/../lib/gcc/arm-none-eabi/5.2.1/../../../../arm-none-eabi/lib/armv7e-m/fpu\libc.a(lib_a-fstatr.o)
 .text          0x08012288        0x0 c:/program files (x86)/gnu tools arm embedded/5.2 2015q4/bin/../lib/gcc/arm-none-eabi/5.2.1/../../../../arm-none-eabi/lib/armv7e-m/fpu\libc.a(lib_a-fwalk.o)
 .text          0x08012288        0x0 c:/program files (x86)/gnu tools arm embedded/5.2 2015q4/bin/../lib/gcc/arm-none-eabi/5.2.1/../../../../arm-none-eabi/lib/armv7e-m/fpu\libc.a(lib_a-impure.o)
 .text          0x08012288        0x0 c:/program files (x86)/gnu tools arm embedded/5.2 2015q4/bin/../lib/gcc/arm-none-eabi/5.2.1/../../../../arm-none-eabi/lib/armv7e-m/fpu\libc.a(lib_a-init.o)
 .text          0x08012288        0x0 c:/program files (x86)/gnu tools arm embedded/5.2 2015q4/bin/../lib/gcc/arm-none-eabi/5.2.1/../../../../arm-none-eabi/lib/armv7e-m/fpu\libc.a(lib_a-isalnum.o)
 .text          0x08012288        0x0 c:/program files (x86)/gnu tools arm embedded/5.2 2015q4/bin/../lib/gcc/arm-none-eabi/5.2.1/../../../../arm-none-eabi/lib/armv7e-m/fpu\libc.a(lib_a-isalpha.o)
 .text          0x08012288        0x0 c:/program files (x86)/gnu tools arm embedded/5.2 2015q4/bin/../lib/gcc/arm-none-eabi/5.2.1/../../../../arm-none-eabi/lib/armv7e-m/fpu\libc.a(lib_a-islower.o)
 .text          0x08012288        0x0 c:/program files (x86)/gnu tools arm embedded/5.2 2015q4/bin/../lib/gcc/arm-none-eabi/5.2.1/../../../../arm-none-eabi/lib/armv7e-m/fpu\libc.a(lib_a-isspace.o)
 .text          0x08012288        0x0 c:/program files (x86)/gnu tools arm embedded/5.2 2015q4/bin/../lib/gcc/arm-none-eabi/5.2.1/../../../../arm-none-eabi/lib/armv7e-m/fpu\libc.a(lib_a-isupper.o)
 .text          0x08012288        0x0 c:/program files (x86)/gnu tools arm embedded/5.2 2015q4/bin/../lib/gcc/arm-none-eabi/5.2.1/../../../../arm-none-eabi/lib/armv7e-m/fpu\libc.a(lib_a-isxdigit.o)
 .text          0x08012288        0x0 c:/program files (x86)/gnu tools arm embedded/5.2 2015q4/bin/../lib/gcc/arm-none-eabi/5.2.1/../../../../arm-none-eabi/lib/armv7e-m/fpu\libc.a(lib_a-makebuf.o)
 .text          0x08012288        0x0 c:/program files (x86)/gnu tools arm embedded/5.2 2015q4/bin/../lib/gcc/arm-none-eabi/5.2.1/../../../../arm-none-eabi/lib/armv7e-m/fpu\libc.a(lib_a-malloc.o)
 .text          0x08012288        0x0 c:/program files (x86)/gnu tools arm embedded/5.2 2015q4/bin/../lib/gcc/arm-none-eabi/5.2.1/../../../../arm-none-eabi/lib/armv7e-m/fpu\libc.a(lib_a-mallocr.o)
 .text          0x08012288        0x0 c:/program files (x86)/gnu tools arm embedded/5.2 2015q4/bin/../lib/gcc/arm-none-eabi/5.2.1/../../../../arm-none-eabi/lib/armv7e-m/fpu\libc.a(lib_a-memcmp.o)
 .text          0x08012288      0x134 c:/program files (x86)/gnu tools arm embedded/5.2 2015q4/bin/../lib/gcc/arm-none-eabi/5.2.1/../../../../arm-none-eabi/lib/armv7e-m/fpu\libc.a(lib_a-memcpy.o)
                0x08012288                memcpy
 .text          0x080123bc        0x0 c:/program files (x86)/gnu tools arm embedded/5.2 2015q4/bin/../lib/gcc/arm-none-eabi/5.2.1/../../../../arm-none-eabi/lib/armv7e-m/fpu\libc.a(lib_a-memset.o)
 .text          0x080123bc        0x0 c:/program files (x86)/gnu tools arm embedded/5.2 2015q4/bin/../lib/gcc/arm-none-eabi/5.2.1/../../../../arm-none-eabi/lib/armv7e-m/fpu\libc.a(lib_a-mlock.o)
 .text          0x080123bc        0x0 c:/program files (x86)/gnu tools arm embedded/5.2 2015q4/bin/../lib/gcc/arm-none-eabi/5.2.1/../../../../arm-none-eabi/lib/armv7e-m/fpu\libc.a(lib_a-openr.o)
 .text          0x080123bc        0x0 c:/program files (x86)/gnu tools arm embedded/5.2 2015q4/bin/../lib/gcc/arm-none-eabi/5.2.1/../../../../arm-none-eabi/lib/armv7e-m/fpu\libc.a(lib_a-printf.o)
 .text          0x080123bc        0x0 c:/program files (x86)/gnu tools arm embedded/5.2 2015q4/bin/../lib/gcc/arm-none-eabi/5.2.1/../../../../arm-none-eabi/lib/armv7e-m/fpu\libc.a(lib_a-rand.o)
 .text          0x080123bc        0x0 c:/program files (x86)/gnu tools arm embedded/5.2 2015q4/bin/../lib/gcc/arm-none-eabi/5.2.1/../../../../arm-none-eabi/lib/armv7e-m/fpu\libc.a(lib_a-reent.o)
 .text          0x080123bc        0x0 c:/program files (x86)/gnu tools arm embedded/5.2 2015q4/bin/../lib/gcc/arm-none-eabi/5.2.1/../../../../arm-none-eabi/lib/armv7e-m/fpu\libc.a(lib_a-refill.o)
 .text          0x080123bc        0x0 c:/program files (x86)/gnu tools arm embedded/5.2 2015q4/bin/../lib/gcc/arm-none-eabi/5.2.1/../../../../arm-none-eabi/lib/armv7e-m/fpu\libc.a(lib_a-sbrkr.o)
 .text          0x080123bc        0x0 c:/program files (x86)/gnu tools arm embedded/5.2 2015q4/bin/../lib/gcc/arm-none-eabi/5.2.1/../../../../arm-none-eabi/lib/armv7e-m/fpu\libc.a(lib_a-sprintf.o)
 .text          0x080123bc        0x0 c:/program files (x86)/gnu tools arm embedded/5.2 2015q4/bin/../lib/gcc/arm-none-eabi/5.2.1/../../../../arm-none-eabi/lib/armv7e-m/fpu\libc.a(lib_a-stdio.o)
 .text          0x080123bc        0x0 c:/program files (x86)/gnu tools arm embedded/5.2 2015q4/bin/../lib/gcc/arm-none-eabi/5.2.1/../../../../arm-none-eabi/lib/armv7e-m/fpu\libc.a(lib_a-strcat.o)
 .text          0x080123bc        0x0 c:/program files (x86)/gnu tools arm embedded/5.2 2015q4/bin/../lib/gcc/arm-none-eabi/5.2.1/../../../../arm-none-eabi/lib/armv7e-m/fpu\libc.a(lib_a-strchr.o)
 *fill*         0x080123bc        0x4 
 .text          0x080123c0      0x2dc c:/program files (x86)/gnu tools arm embedded/5.2 2015q4/bin/../lib/gcc/arm-none-eabi/5.2.1/../../../../arm-none-eabi/lib/armv7e-m/fpu\libc.a(lib_a-strcmp.o)
                0x080123c8                strcmp
 .text          0x0801269c        0x0 c:/program files (x86)/gnu tools arm embedded/5.2 2015q4/bin/../lib/gcc/arm-none-eabi/5.2.1/../../../../arm-none-eabi/lib/armv7e-m/fpu\libc.a(lib_a-strcpy.o)
 .text          0x0801269c        0x0 c:/program files (x86)/gnu tools arm embedded/5.2 2015q4/bin/../lib/gcc/arm-none-eabi/5.2.1/../../../../arm-none-eabi/lib/armv7e-m/fpu\libc.a(lib_a-strlcat.o)
 *fill*         0x0801269c       0x24 
 .text          0x080126c0       0xdc c:/program files (x86)/gnu tools arm embedded/5.2 2015q4/bin/../lib/gcc/arm-none-eabi/5.2.1/../../../../arm-none-eabi/lib/armv7e-m/fpu\libc.a(lib_a-strlen.o)
                0x080126c0                strlen
 .text          0x0801279c        0x0 c:/program files (x86)/gnu tools arm embedded/5.2 2015q4/bin/../lib/gcc/arm-none-eabi/5.2.1/../../../../arm-none-eabi/lib/armv7e-m/fpu\libc.a(lib_a-strncpy.o)
 .text          0x0801279c        0x0 c:/program files (x86)/gnu tools arm embedded/5.2 2015q4/bin/../lib/gcc/arm-none-eabi/5.2.1/../../../../arm-none-eabi/lib/armv7e-m/fpu\libc.a(lib_a-strtod.o)
 .text          0x0801279c        0x0 c:/program files (x86)/gnu tools arm embedded/5.2 2015q4/bin/../lib/gcc/arm-none-eabi/5.2.1/../../../../arm-none-eabi/lib/armv7e-m/fpu\libc.a(lib_a-strtol.o)
 .text          0x0801279c        0x0 c:/program files (x86)/gnu tools arm embedded/5.2 2015q4/bin/../lib/gcc/arm-none-eabi/5.2.1/../../../../arm-none-eabi/lib/armv7e-m/fpu\libc.a(lib_a-svfprintf.o)
 .text          0x0801279c        0x0 c:/program files (x86)/gnu tools arm embedded/5.2 2015q4/bin/../lib/gcc/arm-none-eabi/5.2.1/../../../../arm-none-eabi/lib/armv7e-m/fpu\libc.a(lib_a-vfprintf.o)
 .text          0x0801279c        0x0 c:/program files (x86)/gnu tools arm embedded/5.2 2015q4/bin/../lib/gcc/arm-none-eabi/5.2.1/../../../../arm-none-eabi/lib/armv7e-m/fpu\libc.a(lib_a-writer.o)
 .text          0x0801279c        0x0 c:/program files (x86)/gnu tools arm embedded/5.2 2015q4/bin/../lib/gcc/arm-none-eabi/5.2.1/../../../../arm-none-eabi/lib/armv7e-m/fpu\libc.a(lib_a-wsetup.o)
 .text          0x0801279c        0x0 c:/program files (x86)/gnu tools arm embedded/5.2 2015q4/bin/../lib/gcc/arm-none-eabi/5.2.1/../../../../arm-none-eabi/lib/armv7e-m/fpu\libc.a(lib_a-__call_atexit.o)
 .text          0x0801279c        0x0 c:/program files (x86)/gnu tools arm embedded/5.2 2015q4/bin/../lib/gcc/arm-none-eabi/5.2.1/../../../../arm-none-eabi/lib/armv7e-m/fpu\libc.a(lib_a-atexit.o)
 .text          0x0801279c        0x0 c:/program files (x86)/gnu tools arm embedded/5.2 2015q4/bin/../lib/gcc/arm-none-eabi/5.2.1/../../../../arm-none-eabi/lib/armv7e-m/fpu\libc.a(lib_a-closer.o)
 .text          0x0801279c        0x0 c:/program files (x86)/gnu tools arm embedded/5.2 2015q4/bin/../lib/gcc/arm-none-eabi/5.2.1/../../../../arm-none-eabi/lib/armv7e-m/fpu\libc.a(lib_a-ctype_.o)
 .text          0x0801279c        0x0 c:/program files (x86)/gnu tools arm embedded/5.2 2015q4/bin/../lib/gcc/arm-none-eabi/5.2.1/../../../../arm-none-eabi/lib/armv7e-m/fpu\libc.a(lib_a-dtoa.o)
 .text          0x0801279c        0x0 c:/program files (x86)/gnu tools arm embedded/5.2 2015q4/bin/../lib/gcc/arm-none-eabi/5.2.1/../../../../arm-none-eabi/lib/armv7e-m/fpu\libc.a(lib_a-fini.o)
 .text          0x0801279c        0x0 c:/program files (x86)/gnu tools arm embedded/5.2 2015q4/bin/../lib/gcc/arm-none-eabi/5.2.1/../../../../arm-none-eabi/lib/armv7e-m/fpu\libc.a(lib_a-flags.o)
 .text          0x0801279c        0x0 c:/program files (x86)/gnu tools arm embedded/5.2 2015q4/bin/../lib/gcc/arm-none-eabi/5.2.1/../../../../arm-none-eabi/lib/armv7e-m/fpu\libc.a(lib_a-gdtoa-gethex.o)
 .text          0x0801279c        0x0 c:/program files (x86)/gnu tools arm embedded/5.2 2015q4/bin/../lib/gcc/arm-none-eabi/5.2.1/../../../../arm-none-eabi/lib/armv7e-m/fpu\libc.a(lib_a-gdtoa-hexnan.o)
 .text          0x0801279c        0x0 c:/program files (x86)/gnu tools arm embedded/5.2 2015q4/bin/../lib/gcc/arm-none-eabi/5.2.1/../../../../arm-none-eabi/lib/armv7e-m/fpu\libc.a(lib_a-isattyr.o)
 .text          0x0801279c        0x0 c:/program files (x86)/gnu tools arm embedded/5.2 2015q4/bin/../lib/gcc/arm-none-eabi/5.2.1/../../../../arm-none-eabi/lib/armv7e-m/fpu\libc.a(lib_a-locale.o)
 .text          0x0801279c        0x0 c:/program files (x86)/gnu tools arm embedded/5.2 2015q4/bin/../lib/gcc/arm-none-eabi/5.2.1/../../../../arm-none-eabi/lib/armv7e-m/fpu\libc.a(lib_a-lseekr.o)
 *fill*         0x0801279c        0x4 
 .text          0x080127a0       0xa0 c:/program files (x86)/gnu tools arm embedded/5.2 2015q4/bin/../lib/gcc/arm-none-eabi/5.2.1/../../../../arm-none-eabi/lib/armv7e-m/fpu\libc.a(lib_a-memchr.o)
                0x080127a0                memchr
 .text          0x08012840        0x0 c:/program files (x86)/gnu tools arm embedded/5.2 2015q4/bin/../lib/gcc/arm-none-eabi/5.2.1/../../../../arm-none-eabi/lib/armv7e-m/fpu\libc.a(lib_a-mprec.o)
 .text          0x08012840        0x0 c:/program files (x86)/gnu tools arm embedded/5.2 2015q4/bin/../lib/gcc/arm-none-eabi/5.2.1/../../../../arm-none-eabi/lib/armv7e-m/fpu\libc.a(lib_a-readr.o)
 .text          0x08012840        0x0 c:/program files (x86)/gnu tools arm embedded/5.2 2015q4/bin/../lib/gcc/arm-none-eabi/5.2.1/../../../../arm-none-eabi/lib/armv7e-m/fpu\libc.a(lib_a-strncmp.o)
 .text          0x08012840        0x0 c:/program files (x86)/gnu tools arm embedded/5.2 2015q4/bin/../lib/gcc/arm-none-eabi/5.2.1/../../../../arm-none-eabi/lib/armv7e-m/fpu\libc.a(lib_a-svfiprintf.o)
 .text          0x08012840        0x0 c:/program files (x86)/gnu tools arm embedded/5.2 2015q4/bin/../lib/gcc/arm-none-eabi/5.2.1/../../../../arm-none-eabi/lib/armv7e-m/fpu\libc.a(lib_a-vfiprintf.o)
 .text          0x08012840        0x0 c:/program files (x86)/gnu tools arm embedded/5.2 2015q4/bin/../lib/gcc/arm-none-eabi/5.2.1/../../../../arm-none-eabi/lib/armv7e-m/fpu\libc.a(lib_a-__atexit.o)
 .text          0x08012840        0x0 c:/program files (x86)/gnu tools arm embedded/5.2 2015q4/bin/../lib/gcc/arm-none-eabi/5.2.1/../../../../arm-none-eabi/lib/armv7e-m/fpu\libc.a(lib_a-callocr.o)
 .text          0x08012840        0x0 c:/program files (x86)/gnu tools arm embedded/5.2 2015q4/bin/../lib/gcc/arm-none-eabi/5.2.1/../../../../arm-none-eabi/lib/armv7e-m/fpu\libc.a(lib_a-fputwc.o)
 .text          0x08012840        0x0 c:/program files (x86)/gnu tools arm embedded/5.2 2015q4/bin/../lib/gcc/arm-none-eabi/5.2.1/../../../../arm-none-eabi/lib/armv7e-m/fpu\libc.a(lib_a-fvwrite.o)
 .text          0x08012840        0x0 c:/program files (x86)/gnu tools arm embedded/5.2 2015q4/bin/../lib/gcc/arm-none-eabi/5.2.1/../../../../arm-none-eabi/lib/armv7e-m/fpu\libc.a(lib_a-memmove.o)
 .text          0x08012840        0x0 c:/program files (x86)/gnu tools arm embedded/5.2 2015q4/bin/../lib/gcc/arm-none-eabi/5.2.1/../../../../arm-none-eabi/lib/armv7e-m/fpu\libc.a(lib_a-reallocr.o)
 .text          0x08012840        0x0 c:/program files (x86)/gnu tools arm embedded/5.2 2015q4/bin/../lib/gcc/arm-none-eabi/5.2.1/../../../../arm-none-eabi/lib/armv7e-m/fpu\libc.a(lib_a-wbuf.o)
 .text          0x08012840        0x0 c:/program files (x86)/gnu tools arm embedded/5.2 2015q4/bin/../lib/gcc/arm-none-eabi/5.2.1/../../../../arm-none-eabi/lib/armv7e-m/fpu\libc.a(lib_a-wcrtomb.o)
 .text          0x08012840        0x0 c:/program files (x86)/gnu tools arm embedded/5.2 2015q4/bin/../lib/gcc/arm-none-eabi/5.2.1/../../../../arm-none-eabi/lib/armv7e-m/fpu\libc.a(lib_a-wctomb_r.o)
 .text          0x08012840       0x40 c:/program files (x86)/gnu tools arm embedded/5.2 2015q4/bin/../lib/gcc/arm-none-eabi/5.2.1/armv7e-m/fpu\libgcc.a(_arm_fixunsdfsi.o)
                0x08012840                __aeabi_d2uiz
                0x08012840                __fixunsdfsi
 .text          0x08012880       0x30 c:/program files (x86)/gnu tools arm embedded/5.2 2015q4/bin/../lib/gcc/arm-none-eabi/5.2.1/armv7e-m/fpu\libgcc.a(_aeabi_uldivmod.o)
                0x08012880                __aeabi_uldivmod
 .text          0x080128b0      0x2e4 c:/program files (x86)/gnu tools arm embedded/5.2 2015q4/bin/../lib/gcc/arm-none-eabi/5.2.1/armv7e-m/fpu\libgcc.a(_udivmoddi4.o)
                0x080128b0                __udivmoddi4
 .text          0x08012b94        0x4 c:/program files (x86)/gnu tools arm embedded/5.2 2015q4/bin/../lib/gcc/arm-none-eabi/5.2.1/armv7e-m/fpu\libgcc.a(_dvmd_tls.o)
                0x08012b94                __aeabi_idiv0
                0x08012b94                __aeabi_ldiv0
 .text          0x08012b98        0x0 c:/program files (x86)/gnu tools arm embedded/5.2 2015q4/bin/../lib/gcc/arm-none-eabi/5.2.1/../../../../arm-none-eabi/lib/armv7e-m/fpu\libnosys.a(close.o)
 .text          0x08012b98        0x0 c:/program files (x86)/gnu tools arm embedded/5.2 2015q4/bin/../lib/gcc/arm-none-eabi/5.2.1/../../../../arm-none-eabi/lib/armv7e-m/fpu\libnosys.a(fstat.o)
 .text          0x08012b98        0x0 c:/program files (x86)/gnu tools arm embedded/5.2 2015q4/bin/../lib/gcc/arm-none-eabi/5.2.1/../../../../arm-none-eabi/lib/armv7e-m/fpu\libnosys.a(isatty.o)
 .text          0x08012b98        0x0 c:/program files (x86)/gnu tools arm embedded/5.2 2015q4/bin/../lib/gcc/arm-none-eabi/5.2.1/../../../../arm-none-eabi/lib/armv7e-m/fpu\libnosys.a(lseek.o)
 .text          0x08012b98        0x0 c:/program files (x86)/gnu tools arm embedded/5.2 2015q4/bin/../lib/gcc/arm-none-eabi/5.2.1/../../../../arm-none-eabi/lib/armv7e-m/fpu\libnosys.a(open.o)
 .text          0x08012b98        0x0 c:/program files (x86)/gnu tools arm embedded/5.2 2015q4/bin/../lib/gcc/arm-none-eabi/5.2.1/../../../../arm-none-eabi/lib/armv7e-m/fpu\libnosys.a(read.o)
 .text          0x08012b98        0x0 c:/program files (x86)/gnu tools arm embedded/5.2 2015q4/bin/../lib/gcc/arm-none-eabi/5.2.1/../../../../arm-none-eabi/lib/armv7e-m/fpu\libnosys.a(write.o)
 .text          0x08012b98        0x0 c:/program files (x86)/gnu tools arm embedded/5.2 2015q4/bin/../lib/gcc/arm-none-eabi/5.2.1/../../../../arm-none-eabi/lib/armv7e-m/fpu\libnosys.a(_exit.o)
 .text          0x08012b98        0x0 c:/program files (x86)/gnu tools arm embedded/5.2 2015q4/bin/../lib/gcc/arm-none-eabi/5.2.1/armv7e-m/fpu/crtend.o
 .text          0x08012b98        0x0 c:/program files (x86)/gnu tools arm embedded/5.2 2015q4/bin/../lib/gcc/arm-none-eabi/5.2.1/armv7e-m/fpu/crtn.o
 *(.text*)
 .text.OnIdle   0x08012b98        0xc C:\PROGRA~2\VT3_8920\VT3\RESOUR~1\targets\CANVIEW4\lib\vt3_runtime\libvt3_runtime.a(VT3_Main.o)
                0x08012b98                OnIdle
 .text.MainInit
                0x08012ba4       0x14 C:\PROGRA~2\VT3_8920\VT3\RESOUR~1\targets\CANVIEW4\lib\vt3_runtime\libvt3_runtime.a(VT3_Main.o)
                0x08012ba4                MainInit
 .text.main     0x08012bb8       0xb8 C:\PROGRA~2\VT3_8920\VT3\RESOUR~1\targets\CANVIEW4\lib\vt3_runtime\libvt3_runtime.a(VT3_Main.o)
                0x08012bb8                main
 .text.UART     0x08012c70       0xa0 C:\PROGRA~2\VT3_8920\VT3\RESOUR~1\targets\CANVIEW4\lib\vt3_runtime\libvt3_runtime.a(VT3_Main.o)
                0x08012c70                UART
 .text.Lib_UARTReset
                0x08012d10       0x34 C:\PROGRA~2\VT3_8920\VT3\RESOUR~1\targets\CANVIEW4\lib\vt3_runtime\libvt3_runtime.a(VT3_Main.o)
                0x08012d10                Lib_UARTReset
 .text.Lib_UARTReceiveData
                0x08012d44      0x150 C:\PROGRA~2\VT3_8920\VT3\RESOUR~1\targets\CANVIEW4\lib\vt3_runtime\libvt3_runtime.a(VT3_Main.o)
                0x08012d44                Lib_UARTReceiveData
 .text.vt3_draw_indicator_PhysicalKey
                0x08012e94       0xa0 C:\PROGRA~2\VT3_8920\VT3\RESOUR~1\targets\CANVIEW4\lib\vt3_runtime\libvt3_runtime.a(VT3_Runtime.o)
                0x08012e94                vt3_draw_indicator_PhysicalKey
 .text.vt3_draw_indicator_PhysicalIndicator
                0x08012f34       0x88 C:\PROGRA~2\VT3_8920\VT3\RESOUR~1\targets\CANVIEW4\lib\vt3_runtime\libvt3_runtime.a(VT3_Runtime.o)
                0x08012f34                vt3_draw_indicator_PhysicalIndicator
 .text.vt3_draw_indicator_PAL_Camera
                0x08012fbc       0xf4 C:\PROGRA~2\VT3_8920\VT3\RESOUR~1\targets\CANVIEW4\lib\vt3_runtime\libvt3_runtime.a(VT3_Runtime.o)
                0x08012fbc                vt3_draw_indicator_PAL_Camera
 .text.load_bytearray_P
                0x080130b0       0x80 C:\PROGRA~2\VT3_8920\VT3\RESOUR~1\targets\CANVIEW4\lib\vt3_runtime\libvt3_runtime.a(VT3_Runtime.o)
                0x080130b0                load_bytearray_P
 .text.save_bytearray_P
                0x08013130       0x5c C:\PROGRA~2\VT3_8920\VT3\RESOUR~1\targets\CANVIEW4\lib\vt3_runtime\libvt3_runtime.a(VT3_Runtime.o)
                0x08013130                save_bytearray_P
 .text.load_bytearray_R
                0x0801318c       0x80 C:\PROGRA~2\VT3_8920\VT3\RESOUR~1\targets\CANVIEW4\lib\vt3_runtime\libvt3_runtime.a(VT3_Runtime.o)
                0x0801318c                load_bytearray_R
 .text.save_bytearray_R
                0x0801320c       0x50 C:\PROGRA~2\VT3_8920\VT3\RESOUR~1\targets\CANVIEW4\lib\vt3_runtime\libvt3_runtime.a(VT3_Runtime.o)
                0x0801320c                save_bytearray_R
 .text.load_bytearray_F
                0x0801325c        0xc C:\PROGRA~2\VT3_8920\VT3\RESOUR~1\targets\CANVIEW4\lib\vt3_runtime\libvt3_runtime.a(VT3_Runtime.o)
                0x0801325c                load_bytearray_F
 .text.save_bytearray_F
                0x08013268       0x10 C:\PROGRA~2\VT3_8920\VT3\RESOUR~1\targets\CANVIEW4\lib\vt3_runtime\libvt3_runtime.a(VT3_Runtime.o)
                0x08013268                save_bytearray_F
 .text.vt3_set_can_param
                0x08013278       0x4c C:\PROGRA~2\VT3_8920\VT3\RESOUR~1\targets\CANVIEW4\lib\vt3_runtime\libvt3_runtime.a(VT3_Runtime.o)
                0x08013278                vt3_set_can_param
 .text.CANView4_USB_mount
                0x080132c4       0x30 C:\PROGRA~2\VT3_8920\VT3\RESOUR~1\targets\CANVIEW4\lib\vt3_runtime\libvt3_runtime.a(VT3_Runtime.o)
                0x080132c4                CANView4_USB_mount
 .text.CANView4_USB_unmount
                0x080132f4       0x30 C:\PROGRA~2\VT3_8920\VT3\RESOUR~1\targets\CANVIEW4\lib\vt3_runtime\libvt3_runtime.a(VT3_Runtime.o)
                0x080132f4                CANView4_USB_unmount
 .text.CANView4_USB_file_open
                0x08013324       0x3c C:\PROGRA~2\VT3_8920\VT3\RESOUR~1\targets\CANVIEW4\lib\vt3_runtime\libvt3_runtime.a(VT3_Runtime.o)
                0x08013324                CANView4_USB_file_open
 .text.CANView4_USB_file_close
                0x08013360       0x30 C:\PROGRA~2\VT3_8920\VT3\RESOUR~1\targets\CANVIEW4\lib\vt3_runtime\libvt3_runtime.a(VT3_Runtime.o)
                0x08013360                CANView4_USB_file_close
 .text.CANView4_USB_file_read
                0x08013390       0x40 C:\PROGRA~2\VT3_8920\VT3\RESOUR~1\targets\CANVIEW4\lib\vt3_runtime\libvt3_runtime.a(VT3_Runtime.o)
                0x08013390                CANView4_USB_file_read
 .text.CANView4_USB_file_write
                0x080133d0       0x40 C:\PROGRA~2\VT3_8920\VT3\RESOUR~1\targets\CANVIEW4\lib\vt3_runtime\libvt3_runtime.a(VT3_Runtime.o)
                0x080133d0                CANView4_USB_file_write
 .text.Ciclo100Init
                0x08013410       0x1c C:\PROGRA~2\VT3_8920\VT3\RESOUR~1\targets\CANVIEW4\lib\vt3_runtime\libvt3_runtime.a(VT3_Cycle100.o)
                0x08013410                Ciclo100Init
 .text.Ciclo100
                0x0801342c       0x44 C:\PROGRA~2\VT3_8920\VT3\RESOUR~1\targets\CANVIEW4\lib\vt3_runtime\libvt3_runtime.a(VT3_Cycle100.o)
                0x0801342c                Ciclo100
 .text.Ciclo20Init
                0x08013470        0xc C:\PROGRA~2\VT3_8920\VT3\RESOUR~1\targets\CANVIEW4\lib\vt3_runtime\libvt3_runtime.a(VT3_Cycle20.o)
                0x08013470                Ciclo20Init
 .text.Ciclo20  0x0801347c       0x38 C:\PROGRA~2\VT3_8920\VT3\RESOUR~1\targets\CANVIEW4\lib\vt3_runtime\libvt3_runtime.a(VT3_Cycle20.o)
                0x0801347c                Ciclo20
 .text.runtime_error
                0x080134b4       0x48 C:\PROGRA~2\VT3_8920\VT3\RESOUR~1\targets\CANVIEW4\lib\vt3_common\libvt3_common.a(IEC_Lib.o)
 .text.on_error
                0x080134fc       0x34 C:\PROGRA~2\VT3_8920\VT3\RESOUR~1\targets\CANVIEW4\lib\vt3_common\libvt3_common.a(IEC_Lib.o)
                0x080134fc                on_error
 .text.vt3_check_array_boundary
                0x08013530       0x30 C:\PROGRA~2\VT3_8920\VT3\RESOUR~1\targets\CANVIEW4\lib\vt3_common\libvt3_common.a(IEC_Lib.o)
                0x08013530                vt3_check_array_boundary
 .text.vt3_check_subrange_SINT
                0x08013560       0x40 C:\PROGRA~2\VT3_8920\VT3\RESOUR~1\targets\CANVIEW4\lib\vt3_common\libvt3_common.a(IEC_Lib.o)
                0x08013560                vt3_check_subrange_SINT
 .text.vt3_check_subrange_INT
                0x080135a0       0x48 C:\PROGRA~2\VT3_8920\VT3\RESOUR~1\targets\CANVIEW4\lib\vt3_common\libvt3_common.a(IEC_Lib.o)
                0x080135a0                vt3_check_subrange_INT
 .text.vt3_check_subrange_DINT
                0x080135e8       0x38 C:\PROGRA~2\VT3_8920\VT3\RESOUR~1\targets\CANVIEW4\lib\vt3_common\libvt3_common.a(IEC_Lib.o)
                0x080135e8                vt3_check_subrange_DINT
 .text.vt3_check_subrange_USINT
                0x08013620       0x40 C:\PROGRA~2\VT3_8920\VT3\RESOUR~1\targets\CANVIEW4\lib\vt3_common\libvt3_common.a(IEC_Lib.o)
                0x08013620                vt3_check_subrange_USINT
 .text.vt3_check_subrange_UINT
                0x08013660       0x40 C:\PROGRA~2\VT3_8920\VT3\RESOUR~1\targets\CANVIEW4\lib\vt3_common\libvt3_common.a(IEC_Lib.o)
                0x08013660                vt3_check_subrange_UINT
 .text.vt3_check_subrange_UDINT
                0x080136a0       0x38 C:\PROGRA~2\VT3_8920\VT3\RESOUR~1\targets\CANVIEW4\lib\vt3_common\libvt3_common.a(IEC_Lib.o)
                0x080136a0                vt3_check_subrange_UDINT
 .text.SINT_TO_BOOL
                0x080136d8       0x3c C:\PROGRA~2\VT3_8920\VT3\RESOUR~1\targets\CANVIEW4\lib\vt3_common\libvt3_common.a(IEC_Lib.o)
                0x080136d8                SINT_TO_BOOL
 .text.INT_TO_BOOL
                0x08013714       0x44 C:\PROGRA~2\VT3_8920\VT3\RESOUR~1\targets\CANVIEW4\lib\vt3_common\libvt3_common.a(IEC_Lib.o)
                0x08013714                INT_TO_BOOL
 .text.DINT_TO_BOOL
                0x08013758       0x3c C:\PROGRA~2\VT3_8920\VT3\RESOUR~1\targets\CANVIEW4\lib\vt3_common\libvt3_common.a(IEC_Lib.o)
                0x08013758                DINT_TO_BOOL
 .text.USINT_TO_BOOL
                0x08013794       0x3c C:\PROGRA~2\VT3_8920\VT3\RESOUR~1\targets\CANVIEW4\lib\vt3_common\libvt3_common.a(IEC_Lib.o)
                0x08013794                USINT_TO_BOOL
 .text.UINT_TO_BOOL
                0x080137d0       0x3c C:\PROGRA~2\VT3_8920\VT3\RESOUR~1\targets\CANVIEW4\lib\vt3_common\libvt3_common.a(IEC_Lib.o)
                0x080137d0                UINT_TO_BOOL
 .text.UDINT_TO_BOOL
                0x0801380c       0x3c C:\PROGRA~2\VT3_8920\VT3\RESOUR~1\targets\CANVIEW4\lib\vt3_common\libvt3_common.a(IEC_Lib.o)
                0x0801380c                UDINT_TO_BOOL
 .text.BYTE_TO_BOOL
                0x08013848       0x3c C:\PROGRA~2\VT3_8920\VT3\RESOUR~1\targets\CANVIEW4\lib\vt3_common\libvt3_common.a(IEC_Lib.o)
                0x08013848                BYTE_TO_BOOL
 .text.WORD_TO_BOOL
                0x08013884       0x44 C:\PROGRA~2\VT3_8920\VT3\RESOUR~1\targets\CANVIEW4\lib\vt3_common\libvt3_common.a(IEC_Lib.o)
                0x08013884                WORD_TO_BOOL
 .text.DWORD_TO_BOOL
                0x080138c8       0x3c C:\PROGRA~2\VT3_8920\VT3\RESOUR~1\targets\CANVIEW4\lib\vt3_common\libvt3_common.a(IEC_Lib.o)
                0x080138c8                DWORD_TO_BOOL
 .text.REAL_TO_BOOL
                0x08013904       0x58 C:\PROGRA~2\VT3_8920\VT3\RESOUR~1\targets\CANVIEW4\lib\vt3_common\libvt3_common.a(IEC_Lib.o)
                0x08013904                REAL_TO_BOOL
 .text.INT_TO_SINT
                0x0801395c       0x3c C:\PROGRA~2\VT3_8920\VT3\RESOUR~1\targets\CANVIEW4\lib\vt3_common\libvt3_common.a(IEC_Lib.o)
                0x0801395c                INT_TO_SINT
 .text.DINT_TO_SINT
                0x08013998       0x34 C:\PROGRA~2\VT3_8920\VT3\RESOUR~1\targets\CANVIEW4\lib\vt3_common\libvt3_common.a(IEC_Lib.o)
                0x08013998                DINT_TO_SINT
 .text.USINT_TO_SINT
                0x080139cc       0x24 C:\PROGRA~2\VT3_8920\VT3\RESOUR~1\targets\CANVIEW4\lib\vt3_common\libvt3_common.a(IEC_Lib.o)
                0x080139cc                USINT_TO_SINT
 .text.UINT_TO_SINT
                0x080139f0       0x2c C:\PROGRA~2\VT3_8920\VT3\RESOUR~1\targets\CANVIEW4\lib\vt3_common\libvt3_common.a(IEC_Lib.o)
                0x080139f0                UINT_TO_SINT
 .text.UDINT_TO_SINT
                0x08013a1c       0x2c C:\PROGRA~2\VT3_8920\VT3\RESOUR~1\targets\CANVIEW4\lib\vt3_common\libvt3_common.a(IEC_Lib.o)
                0x08013a1c                UDINT_TO_SINT
 .text.BYTE_TO_SINT
                0x08013a48       0x24 C:\PROGRA~2\VT3_8920\VT3\RESOUR~1\targets\CANVIEW4\lib\vt3_common\libvt3_common.a(IEC_Lib.o)
                0x08013a48                BYTE_TO_SINT
 .text.WORD_TO_SINT
                0x08013a6c       0x30 C:\PROGRA~2\VT3_8920\VT3\RESOUR~1\targets\CANVIEW4\lib\vt3_common\libvt3_common.a(IEC_Lib.o)
                0x08013a6c                WORD_TO_SINT
 .text.DWORD_TO_SINT
                0x08013a9c       0x2c C:\PROGRA~2\VT3_8920\VT3\RESOUR~1\targets\CANVIEW4\lib\vt3_common\libvt3_common.a(IEC_Lib.o)
                0x08013a9c                DWORD_TO_SINT
 .text.REAL_TO_SINT
                0x08013ac8       0x60 C:\PROGRA~2\VT3_8920\VT3\RESOUR~1\targets\CANVIEW4\lib\vt3_common\libvt3_common.a(IEC_Lib.o)
                0x08013ac8                REAL_TO_SINT
 .text.DINT_TO_INT
                0x08013b28       0x38 C:\PROGRA~2\VT3_8920\VT3\RESOUR~1\targets\CANVIEW4\lib\vt3_common\libvt3_common.a(IEC_Lib.o)
                0x08013b28                DINT_TO_INT
 .text.UINT_TO_INT
                0x08013b60       0x28 C:\PROGRA~2\VT3_8920\VT3\RESOUR~1\targets\CANVIEW4\lib\vt3_common\libvt3_common.a(IEC_Lib.o)
                0x08013b60                UINT_TO_INT
 .text.UDINT_TO_INT
                0x08013b88       0x30 C:\PROGRA~2\VT3_8920\VT3\RESOUR~1\targets\CANVIEW4\lib\vt3_common\libvt3_common.a(IEC_Lib.o)
                0x08013b88                UDINT_TO_INT
 .text.WORD_TO_INT
                0x08013bb8       0x20 C:\PROGRA~2\VT3_8920\VT3\RESOUR~1\targets\CANVIEW4\lib\vt3_common\libvt3_common.a(IEC_Lib.o)
                0x08013bb8                WORD_TO_INT
 .text.DWORD_TO_INT
                0x08013bd8       0x30 C:\PROGRA~2\VT3_8920\VT3\RESOUR~1\targets\CANVIEW4\lib\vt3_common\libvt3_common.a(IEC_Lib.o)
                0x08013bd8                DWORD_TO_INT
 .text.REAL_TO_INT
                0x08013c08       0x64 C:\PROGRA~2\VT3_8920\VT3\RESOUR~1\targets\CANVIEW4\lib\vt3_common\libvt3_common.a(IEC_Lib.o)
                0x08013c08                REAL_TO_INT
 .text.UDINT_TO_DINT
                0x08013c6c       0x24 C:\PROGRA~2\VT3_8920\VT3\RESOUR~1\targets\CANVIEW4\lib\vt3_common\libvt3_common.a(IEC_Lib.o)
                0x08013c6c                UDINT_TO_DINT
 .text.DWORD_TO_DINT
                0x08013c90       0x1c C:\PROGRA~2\VT3_8920\VT3\RESOUR~1\targets\CANVIEW4\lib\vt3_common\libvt3_common.a(IEC_Lib.o)
                0x08013c90                DWORD_TO_DINT
 .text.REAL_TO_DINT
                0x08013cac       0x5c C:\PROGRA~2\VT3_8920\VT3\RESOUR~1\targets\CANVIEW4\lib\vt3_common\libvt3_common.a(IEC_Lib.o)
                0x08013cac                REAL_TO_DINT
 .text.SINT_TO_USINT
                0x08013d08       0x20 C:\PROGRA~2\VT3_8920\VT3\RESOUR~1\targets\CANVIEW4\lib\vt3_common\libvt3_common.a(IEC_Lib.o)
                0x08013d08                SINT_TO_USINT
 .text.INT_TO_USINT
                0x08013d28       0x38 C:\PROGRA~2\VT3_8920\VT3\RESOUR~1\targets\CANVIEW4\lib\vt3_common\libvt3_common.a(IEC_Lib.o)
                0x08013d28                INT_TO_USINT
 .text.DINT_TO_USINT
                0x08013d60       0x34 C:\PROGRA~2\VT3_8920\VT3\RESOUR~1\targets\CANVIEW4\lib\vt3_common\libvt3_common.a(IEC_Lib.o)
                0x08013d60                DINT_TO_USINT
 .text.UINT_TO_USINT
                0x08013d94       0x2c C:\PROGRA~2\VT3_8920\VT3\RESOUR~1\targets\CANVIEW4\lib\vt3_common\libvt3_common.a(IEC_Lib.o)
                0x08013d94                UINT_TO_USINT
 .text.UDINT_TO_USINT
                0x08013dc0       0x2c C:\PROGRA~2\VT3_8920\VT3\RESOUR~1\targets\CANVIEW4\lib\vt3_common\libvt3_common.a(IEC_Lib.o)
                0x08013dc0                UDINT_TO_USINT
 .text.BYTE_TO_USINT
                0x08013dec       0x18 C:\PROGRA~2\VT3_8920\VT3\RESOUR~1\targets\CANVIEW4\lib\vt3_common\libvt3_common.a(IEC_Lib.o)
                0x08013dec                BYTE_TO_USINT
 .text.WORD_TO_USINT
                0x08013e04       0x30 C:\PROGRA~2\VT3_8920\VT3\RESOUR~1\targets\CANVIEW4\lib\vt3_common\libvt3_common.a(IEC_Lib.o)
                0x08013e04                WORD_TO_USINT
 .text.DWORD_TO_USINT
                0x08013e34       0x2c C:\PROGRA~2\VT3_8920\VT3\RESOUR~1\targets\CANVIEW4\lib\vt3_common\libvt3_common.a(IEC_Lib.o)
                0x08013e34                DWORD_TO_USINT
 .text.REAL_TO_USINT
                0x08013e60       0x58 C:\PROGRA~2\VT3_8920\VT3\RESOUR~1\targets\CANVIEW4\lib\vt3_common\libvt3_common.a(IEC_Lib.o)
                0x08013e60                REAL_TO_USINT
 .text.SINT_TO_UINT
                0x08013eb8       0x20 C:\PROGRA~2\VT3_8920\VT3\RESOUR~1\targets\CANVIEW4\lib\vt3_common\libvt3_common.a(IEC_Lib.o)
                0x08013eb8                SINT_TO_UINT
 .text.INT_TO_UINT
                0x08013ed8       0x24 C:\PROGRA~2\VT3_8920\VT3\RESOUR~1\targets\CANVIEW4\lib\vt3_common\libvt3_common.a(IEC_Lib.o)
                0x08013ed8                INT_TO_UINT
 .text.DINT_TO_UINT
                0x08013efc       0x34 C:\PROGRA~2\VT3_8920\VT3\RESOUR~1\targets\CANVIEW4\lib\vt3_common\libvt3_common.a(IEC_Lib.o)
                0x08013efc                DINT_TO_UINT
 .text.UDINT_TO_UINT
                0x08013f30       0x30 C:\PROGRA~2\VT3_8920\VT3\RESOUR~1\targets\CANVIEW4\lib\vt3_common\libvt3_common.a(IEC_Lib.o)
                0x08013f30                UDINT_TO_UINT
 .text.DWORD_TO_UINT
                0x08013f60       0x30 C:\PROGRA~2\VT3_8920\VT3\RESOUR~1\targets\CANVIEW4\lib\vt3_common\libvt3_common.a(IEC_Lib.o)
                0x08013f60                DWORD_TO_UINT
 .text.REAL_TO_UINT
                0x08013f90       0x58 C:\PROGRA~2\VT3_8920\VT3\RESOUR~1\targets\CANVIEW4\lib\vt3_common\libvt3_common.a(IEC_Lib.o)
                0x08013f90                REAL_TO_UINT
 .text.SINT_TO_UDINT
                0x08013fe8       0x20 C:\PROGRA~2\VT3_8920\VT3\RESOUR~1\targets\CANVIEW4\lib\vt3_common\libvt3_common.a(IEC_Lib.o)
                0x08013fe8                SINT_TO_UDINT
 .text.INT_TO_UDINT
                0x08014008       0x28 C:\PROGRA~2\VT3_8920\VT3\RESOUR~1\targets\CANVIEW4\lib\vt3_common\libvt3_common.a(IEC_Lib.o)
                0x08014008                INT_TO_UDINT
 .text.DINT_TO_UDINT
                0x08014030       0x24 C:\PROGRA~2\VT3_8920\VT3\RESOUR~1\targets\CANVIEW4\lib\vt3_common\libvt3_common.a(IEC_Lib.o)
                0x08014030                DINT_TO_UDINT
 .text.REAL_TO_UDINT
                0x08014054       0x54 C:\PROGRA~2\VT3_8920\VT3\RESOUR~1\targets\CANVIEW4\lib\vt3_common\libvt3_common.a(IEC_Lib.o)
                0x08014054                REAL_TO_UDINT
 .text.SINT_TO_BYTE
                0x080140a8       0x20 C:\PROGRA~2\VT3_8920\VT3\RESOUR~1\targets\CANVIEW4\lib\vt3_common\libvt3_common.a(IEC_Lib.o)
                0x080140a8                SINT_TO_BYTE
 .text.INT_TO_BYTE
                0x080140c8       0x38 C:\PROGRA~2\VT3_8920\VT3\RESOUR~1\targets\CANVIEW4\lib\vt3_common\libvt3_common.a(IEC_Lib.o)
                0x080140c8                INT_TO_BYTE
 .text.DINT_TO_BYTE
                0x08014100       0x34 C:\PROGRA~2\VT3_8920\VT3\RESOUR~1\targets\CANVIEW4\lib\vt3_common\libvt3_common.a(IEC_Lib.o)
                0x08014100                DINT_TO_BYTE
 .text.UINT_TO_BYTE
                0x08014134       0x2c C:\PROGRA~2\VT3_8920\VT3\RESOUR~1\targets\CANVIEW4\lib\vt3_common\libvt3_common.a(IEC_Lib.o)
                0x08014134                UINT_TO_BYTE
 .text.UDINT_TO_BYTE
                0x08014160       0x2c C:\PROGRA~2\VT3_8920\VT3\RESOUR~1\targets\CANVIEW4\lib\vt3_common\libvt3_common.a(IEC_Lib.o)
                0x08014160                UDINT_TO_BYTE
 .text.WORD_TO_BYTE
                0x0801418c       0x30 C:\PROGRA~2\VT3_8920\VT3\RESOUR~1\targets\CANVIEW4\lib\vt3_common\libvt3_common.a(IEC_Lib.o)
                0x0801418c                WORD_TO_BYTE
 .text.DWORD_TO_BYTE
                0x080141bc       0x2c C:\PROGRA~2\VT3_8920\VT3\RESOUR~1\targets\CANVIEW4\lib\vt3_common\libvt3_common.a(IEC_Lib.o)
                0x080141bc                DWORD_TO_BYTE
 .text.REAL_TO_BYTE
                0x080141e8       0x48 C:\PROGRA~2\VT3_8920\VT3\RESOUR~1\targets\CANVIEW4\lib\vt3_common\libvt3_common.a(IEC_Lib.o)
                0x080141e8                REAL_TO_BYTE
 .text.SINT_TO_WORD
                0x08014230       0x24 C:\PROGRA~2\VT3_8920\VT3\RESOUR~1\targets\CANVIEW4\lib\vt3_common\libvt3_common.a(IEC_Lib.o)
                0x08014230                SINT_TO_WORD
 .text.INT_TO_WORD
                0x08014254       0x28 C:\PROGRA~2\VT3_8920\VT3\RESOUR~1\targets\CANVIEW4\lib\vt3_common\libvt3_common.a(IEC_Lib.o)
                0x08014254                INT_TO_WORD
 .text.DINT_TO_WORD
                0x0801427c       0x38 C:\PROGRA~2\VT3_8920\VT3\RESOUR~1\targets\CANVIEW4\lib\vt3_common\libvt3_common.a(IEC_Lib.o)
                0x0801427c                DINT_TO_WORD
 .text.UDINT_TO_WORD
                0x080142b4       0x30 C:\PROGRA~2\VT3_8920\VT3\RESOUR~1\targets\CANVIEW4\lib\vt3_common\libvt3_common.a(IEC_Lib.o)
                0x080142b4                UDINT_TO_WORD
 .text.DWORD_TO_WORD
                0x080142e4       0x30 C:\PROGRA~2\VT3_8920\VT3\RESOUR~1\targets\CANVIEW4\lib\vt3_common\libvt3_common.a(IEC_Lib.o)
                0x080142e4                DWORD_TO_WORD
 .text.REAL_TO_WORD
                0x08014314       0x48 C:\PROGRA~2\VT3_8920\VT3\RESOUR~1\targets\CANVIEW4\lib\vt3_common\libvt3_common.a(IEC_Lib.o)
                0x08014314                REAL_TO_WORD
 .text.SINT_TO_DWORD
                0x0801435c       0x20 C:\PROGRA~2\VT3_8920\VT3\RESOUR~1\targets\CANVIEW4\lib\vt3_common\libvt3_common.a(IEC_Lib.o)
                0x0801435c                SINT_TO_DWORD
 .text.INT_TO_DWORD
                0x0801437c       0x28 C:\PROGRA~2\VT3_8920\VT3\RESOUR~1\targets\CANVIEW4\lib\vt3_common\libvt3_common.a(IEC_Lib.o)
                0x0801437c                INT_TO_DWORD
 .text.DINT_TO_DWORD
                0x080143a4       0x24 C:\PROGRA~2\VT3_8920\VT3\RESOUR~1\targets\CANVIEW4\lib\vt3_common\libvt3_common.a(IEC_Lib.o)
                0x080143a4                DINT_TO_DWORD
 .text.REAL_TO_DWORD
                0x080143c8       0x54 C:\PROGRA~2\VT3_8920\VT3\RESOUR~1\targets\CANVIEW4\lib\vt3_common\libvt3_common.a(IEC_Lib.o)
                0x080143c8                REAL_TO_DWORD
 .text.TRUNC_REAL
                0x0801441c       0x24 C:\PROGRA~2\VT3_8920\VT3\RESOUR~1\targets\CANVIEW4\lib\vt3_common\libvt3_common.a(IEC_Lib.o)
                0x0801441c                TRUNC_REAL
 .text.ABS_SINT
                0x08014440       0x20 C:\PROGRA~2\VT3_8920\VT3\RESOUR~1\targets\CANVIEW4\lib\vt3_common\libvt3_common.a(IEC_Lib.o)
                0x08014440                ABS_SINT
 .text.ABS_INT  0x08014460       0x44 C:\PROGRA~2\VT3_8920\VT3\RESOUR~1\targets\CANVIEW4\lib\vt3_common\libvt3_common.a(IEC_Lib.o)
                0x08014460                ABS_INT
 .text.ABS_DINT
                0x080144a4       0x38 C:\PROGRA~2\VT3_8920\VT3\RESOUR~1\targets\CANVIEW4\lib\vt3_common\libvt3_common.a(IEC_Lib.o)
                0x080144a4                ABS_DINT
 .text.SQRT_REAL
                0x080144dc       0x58 C:\PROGRA~2\VT3_8920\VT3\RESOUR~1\targets\CANVIEW4\lib\vt3_common\libvt3_common.a(IEC_Lib.o)
                0x080144dc                SQRT_REAL
 .text.LN_REAL  0x08014534       0x58 C:\PROGRA~2\VT3_8920\VT3\RESOUR~1\targets\CANVIEW4\lib\vt3_common\libvt3_common.a(IEC_Lib.o)
                0x08014534                LN_REAL
 .text.LOG_REAL
                0x0801458c       0x58 C:\PROGRA~2\VT3_8920\VT3\RESOUR~1\targets\CANVIEW4\lib\vt3_common\libvt3_common.a(IEC_Lib.o)
                0x0801458c                LOG_REAL
 .text.EXP_REAL
                0x080145e4       0x28 C:\PROGRA~2\VT3_8920\VT3\RESOUR~1\targets\CANVIEW4\lib\vt3_common\libvt3_common.a(IEC_Lib.o)
                0x080145e4                EXP_REAL
 .text.TAN_REAL
                0x0801460c       0x28 C:\PROGRA~2\VT3_8920\VT3\RESOUR~1\targets\CANVIEW4\lib\vt3_common\libvt3_common.a(IEC_Lib.o)
                0x0801460c                TAN_REAL
 .text.ASIN_REAL
                0x08014634       0x98 C:\PROGRA~2\VT3_8920\VT3\RESOUR~1\targets\CANVIEW4\lib\vt3_common\libvt3_common.a(IEC_Lib.o)
                0x08014634                ASIN_REAL
 .text.ACOS_REAL
                0x080146cc       0x98 C:\PROGRA~2\VT3_8920\VT3\RESOUR~1\targets\CANVIEW4\lib\vt3_common\libvt3_common.a(IEC_Lib.o)
                0x080146cc                ACOS_REAL
 .text.ADD_REAL
                0x08014764       0x34 C:\PROGRA~2\VT3_8920\VT3\RESOUR~1\targets\CANVIEW4\lib\vt3_common\libvt3_common.a(IEC_Lib.o)
                0x08014764                ADD_REAL
 .text.MUL_REAL
                0x08014798       0x34 C:\PROGRA~2\VT3_8920\VT3\RESOUR~1\targets\CANVIEW4\lib\vt3_common\libvt3_common.a(IEC_Lib.o)
                0x08014798                MUL_REAL
 .text.SUB_REAL
                0x080147cc       0x34 C:\PROGRA~2\VT3_8920\VT3\RESOUR~1\targets\CANVIEW4\lib\vt3_common\libvt3_common.a(IEC_Lib.o)
                0x080147cc                SUB_REAL
 .text.DIV_SINT
                0x08014800       0x40 C:\PROGRA~2\VT3_8920\VT3\RESOUR~1\targets\CANVIEW4\lib\vt3_common\libvt3_common.a(IEC_Lib.o)
                0x08014800                DIV_SINT
 .text.DIV_INT  0x08014840       0x64 C:\PROGRA~2\VT3_8920\VT3\RESOUR~1\targets\CANVIEW4\lib\vt3_common\libvt3_common.a(IEC_Lib.o)
                0x08014840                DIV_INT
 .text.DIV_DINT
                0x080148a4       0x50 C:\PROGRA~2\VT3_8920\VT3\RESOUR~1\targets\CANVIEW4\lib\vt3_common\libvt3_common.a(IEC_Lib.o)
                0x080148a4                DIV_DINT
 .text.DIV_USINT
                0x080148f4       0x38 C:\PROGRA~2\VT3_8920\VT3\RESOUR~1\targets\CANVIEW4\lib\vt3_common\libvt3_common.a(IEC_Lib.o)
                0x080148f4                DIV_USINT
 .text.DIV_UINT
                0x0801492c       0x38 C:\PROGRA~2\VT3_8920\VT3\RESOUR~1\targets\CANVIEW4\lib\vt3_common\libvt3_common.a(IEC_Lib.o)
                0x0801492c                DIV_UINT
 .text.DIV_UDINT
                0x08014964       0x30 C:\PROGRA~2\VT3_8920\VT3\RESOUR~1\targets\CANVIEW4\lib\vt3_common\libvt3_common.a(IEC_Lib.o)
                0x08014964                DIV_UDINT
 .text.DIV_BYTE
                0x08014994       0x38 C:\PROGRA~2\VT3_8920\VT3\RESOUR~1\targets\CANVIEW4\lib\vt3_common\libvt3_common.a(IEC_Lib.o)
                0x08014994                DIV_BYTE
 .text.DIV_WORD
                0x080149cc       0x40 C:\PROGRA~2\VT3_8920\VT3\RESOUR~1\targets\CANVIEW4\lib\vt3_common\libvt3_common.a(IEC_Lib.o)
                0x080149cc                DIV_WORD
 .text.DIV_DWORD
                0x08014a0c       0x30 C:\PROGRA~2\VT3_8920\VT3\RESOUR~1\targets\CANVIEW4\lib\vt3_common\libvt3_common.a(IEC_Lib.o)
                0x08014a0c                DIV_DWORD
 .text.DIV_REAL
                0x08014a3c       0x4c C:\PROGRA~2\VT3_8920\VT3\RESOUR~1\targets\CANVIEW4\lib\vt3_common\libvt3_common.a(IEC_Lib.o)
                0x08014a3c                DIV_REAL
 .text.MOD_SINT
                0x08014a88       0x3c C:\PROGRA~2\VT3_8920\VT3\RESOUR~1\targets\CANVIEW4\lib\vt3_common\libvt3_common.a(IEC_Lib.o)
                0x08014a88                MOD_SINT
 .text.MOD_INT  0x08014ac4       0x6c C:\PROGRA~2\VT3_8920\VT3\RESOUR~1\targets\CANVIEW4\lib\vt3_common\libvt3_common.a(IEC_Lib.o)
                0x08014ac4                MOD_INT
 .text.MOD_DINT
                0x08014b30       0x54 C:\PROGRA~2\VT3_8920\VT3\RESOUR~1\targets\CANVIEW4\lib\vt3_common\libvt3_common.a(IEC_Lib.o)
                0x08014b30                MOD_DINT
 .text.MOD_USINT
                0x08014b84       0x3c C:\PROGRA~2\VT3_8920\VT3\RESOUR~1\targets\CANVIEW4\lib\vt3_common\libvt3_common.a(IEC_Lib.o)
                0x08014b84                MOD_USINT
 .text.MOD_UINT
                0x08014bc0       0x3c C:\PROGRA~2\VT3_8920\VT3\RESOUR~1\targets\CANVIEW4\lib\vt3_common\libvt3_common.a(IEC_Lib.o)
                0x08014bc0                MOD_UINT
 .text.MOD_UDINT
                0x08014bfc       0x38 C:\PROGRA~2\VT3_8920\VT3\RESOUR~1\targets\CANVIEW4\lib\vt3_common\libvt3_common.a(IEC_Lib.o)
                0x08014bfc                MOD_UDINT
 .text.MOD_BYTE
                0x08014c34       0x3c C:\PROGRA~2\VT3_8920\VT3\RESOUR~1\targets\CANVIEW4\lib\vt3_common\libvt3_common.a(IEC_Lib.o)
                0x08014c34                MOD_BYTE
 .text.MOD_WORD
                0x08014c70       0x44 C:\PROGRA~2\VT3_8920\VT3\RESOUR~1\targets\CANVIEW4\lib\vt3_common\libvt3_common.a(IEC_Lib.o)
                0x08014c70                MOD_WORD
 .text.MOD_DWORD
                0x08014cb4       0x38 C:\PROGRA~2\VT3_8920\VT3\RESOUR~1\targets\CANVIEW4\lib\vt3_common\libvt3_common.a(IEC_Lib.o)
                0x08014cb4                MOD_DWORD
 .text.EXPT_REAL
                0x08014cec       0x30 C:\PROGRA~2\VT3_8920\VT3\RESOUR~1\targets\CANVIEW4\lib\vt3_common\libvt3_common.a(IEC_Lib.o)
                0x08014cec                EXPT_REAL
 .text.ROR_BYTE
                0x08014d1c       0x40 C:\PROGRA~2\VT3_8920\VT3\RESOUR~1\targets\CANVIEW4\lib\vt3_common\libvt3_common.a(IEC_Lib.o)
                0x08014d1c                ROR_BYTE
 .text.ROR_WORD
                0x08014d5c       0x44 C:\PROGRA~2\VT3_8920\VT3\RESOUR~1\targets\CANVIEW4\lib\vt3_common\libvt3_common.a(IEC_Lib.o)
                0x08014d5c                ROR_WORD
 .text.ROR_DWORD
                0x08014da0       0x30 C:\PROGRA~2\VT3_8920\VT3\RESOUR~1\targets\CANVIEW4\lib\vt3_common\libvt3_common.a(IEC_Lib.o)
                0x08014da0                ROR_DWORD
 .text.ROL_BYTE
                0x08014dd0       0x40 C:\PROGRA~2\VT3_8920\VT3\RESOUR~1\targets\CANVIEW4\lib\vt3_common\libvt3_common.a(IEC_Lib.o)
                0x08014dd0                ROL_BYTE
 .text.ROL_WORD
                0x08014e10       0x44 C:\PROGRA~2\VT3_8920\VT3\RESOUR~1\targets\CANVIEW4\lib\vt3_common\libvt3_common.a(IEC_Lib.o)
                0x08014e10                ROL_WORD
 .text.ROL_DWORD
                0x08014e54       0x30 C:\PROGRA~2\VT3_8920\VT3\RESOUR~1\targets\CANVIEW4\lib\vt3_common\libvt3_common.a(IEC_Lib.o)
                0x08014e54                ROL_DWORD
 .text.SEL_BOOL
                0x08014e84       0x2c C:\PROGRA~2\VT3_8920\VT3\RESOUR~1\targets\CANVIEW4\lib\vt3_common\libvt3_common.a(IEC_Lib.o)
                0x08014e84                SEL_BOOL
 .text.SEL_SINT
                0x08014eb0       0x2c C:\PROGRA~2\VT3_8920\VT3\RESOUR~1\targets\CANVIEW4\lib\vt3_common\libvt3_common.a(IEC_Lib.o)
                0x08014eb0                SEL_SINT
 .text.SEL_INT  0x08014edc       0x30 C:\PROGRA~2\VT3_8920\VT3\RESOUR~1\targets\CANVIEW4\lib\vt3_common\libvt3_common.a(IEC_Lib.o)
                0x08014edc                SEL_INT
 .text.SEL_DINT
                0x08014f0c       0x28 C:\PROGRA~2\VT3_8920\VT3\RESOUR~1\targets\CANVIEW4\lib\vt3_common\libvt3_common.a(IEC_Lib.o)
                0x08014f0c                SEL_DINT
 .text.SEL_USINT
                0x08014f34       0x2c C:\PROGRA~2\VT3_8920\VT3\RESOUR~1\targets\CANVIEW4\lib\vt3_common\libvt3_common.a(IEC_Lib.o)
                0x08014f34                SEL_USINT
 .text.SEL_UINT
                0x08014f60       0x2c C:\PROGRA~2\VT3_8920\VT3\RESOUR~1\targets\CANVIEW4\lib\vt3_common\libvt3_common.a(IEC_Lib.o)
                0x08014f60                SEL_UINT
 .text.SEL_UDINT
                0x08014f8c       0x28 C:\PROGRA~2\VT3_8920\VT3\RESOUR~1\targets\CANVIEW4\lib\vt3_common\libvt3_common.a(IEC_Lib.o)
                0x08014f8c                SEL_UDINT
 .text.SEL_REAL
                0x08014fb4       0x30 C:\PROGRA~2\VT3_8920\VT3\RESOUR~1\targets\CANVIEW4\lib\vt3_common\libvt3_common.a(IEC_Lib.o)
                0x08014fb4                SEL_REAL
 .text.SEL_TIME
                0x08014fe4       0x28 C:\PROGRA~2\VT3_8920\VT3\RESOUR~1\targets\CANVIEW4\lib\vt3_common\libvt3_common.a(IEC_Lib.o)
                0x08014fe4                SEL_TIME
 .text.SEL_DATE
                0x0801500c       0x28 C:\PROGRA~2\VT3_8920\VT3\RESOUR~1\targets\CANVIEW4\lib\vt3_common\libvt3_common.a(IEC_Lib.o)
                0x0801500c                SEL_DATE
 .text.SEL_BYTE
                0x08015034       0x2c C:\PROGRA~2\VT3_8920\VT3\RESOUR~1\targets\CANVIEW4\lib\vt3_common\libvt3_common.a(IEC_Lib.o)
                0x08015034                SEL_BYTE
 .text.SEL_WORD
                0x08015060       0x30 C:\PROGRA~2\VT3_8920\VT3\RESOUR~1\targets\CANVIEW4\lib\vt3_common\libvt3_common.a(IEC_Lib.o)
                0x08015060                SEL_WORD
 .text.SEL_DWORD
                0x08015090       0x28 C:\PROGRA~2\VT3_8920\VT3\RESOUR~1\targets\CANVIEW4\lib\vt3_common\libvt3_common.a(IEC_Lib.o)
                0x08015090                SEL_DWORD
 .text.SEL_TIME_OF_DAY
                0x080150b8       0x28 C:\PROGRA~2\VT3_8920\VT3\RESOUR~1\targets\CANVIEW4\lib\vt3_common\libvt3_common.a(IEC_Lib.o)
                0x080150b8                SEL_TIME_OF_DAY
 .text.SEL_DATE_AND_TIME
                0x080150e0       0x48 C:\PROGRA~2\VT3_8920\VT3\RESOUR~1\targets\CANVIEW4\lib\vt3_common\libvt3_common.a(IEC_Lib.o)
                0x080150e0                SEL_DATE_AND_TIME
 .text.SEL_STRING
                0x08015128       0x28 C:\PROGRA~2\VT3_8920\VT3\RESOUR~1\targets\CANVIEW4\lib\vt3_common\libvt3_common.a(IEC_Lib.o)
                0x08015128                SEL_STRING
 .text.SEL_WSTRING
                0x08015150       0x28 C:\PROGRA~2\VT3_8920\VT3\RESOUR~1\targets\CANVIEW4\lib\vt3_common\libvt3_common.a(IEC_Lib.o)
                0x08015150                SEL_WSTRING
 .text.MAX_SINT
                0x08015178       0x2c C:\PROGRA~2\VT3_8920\VT3\RESOUR~1\targets\CANVIEW4\lib\vt3_common\libvt3_common.a(IEC_Lib.o)
                0x08015178                MAX_SINT
 .text.MAX_INT  0x080151a4       0x30 C:\PROGRA~2\VT3_8920\VT3\RESOUR~1\targets\CANVIEW4\lib\vt3_common\libvt3_common.a(IEC_Lib.o)
                0x080151a4                MAX_INT
 .text.MAX_DINT
                0x080151d4       0x24 C:\PROGRA~2\VT3_8920\VT3\RESOUR~1\targets\CANVIEW4\lib\vt3_common\libvt3_common.a(IEC_Lib.o)
                0x080151d4                MAX_DINT
 .text.MAX_USINT
                0x080151f8       0x2c C:\PROGRA~2\VT3_8920\VT3\RESOUR~1\targets\CANVIEW4\lib\vt3_common\libvt3_common.a(IEC_Lib.o)
                0x080151f8                MAX_USINT
 .text.MAX_UINT
                0x08015224       0x2c C:\PROGRA~2\VT3_8920\VT3\RESOUR~1\targets\CANVIEW4\lib\vt3_common\libvt3_common.a(IEC_Lib.o)
                0x08015224                MAX_UINT
 .text.MAX_UDINT
                0x08015250       0x24 C:\PROGRA~2\VT3_8920\VT3\RESOUR~1\targets\CANVIEW4\lib\vt3_common\libvt3_common.a(IEC_Lib.o)
                0x08015250                MAX_UDINT
 .text.MAX_BOOL
                0x08015274       0x2c C:\PROGRA~2\VT3_8920\VT3\RESOUR~1\targets\CANVIEW4\lib\vt3_common\libvt3_common.a(IEC_Lib.o)
                0x08015274                MAX_BOOL
 .text.MAX_BYTE
                0x080152a0       0x2c C:\PROGRA~2\VT3_8920\VT3\RESOUR~1\targets\CANVIEW4\lib\vt3_common\libvt3_common.a(IEC_Lib.o)
                0x080152a0                MAX_BYTE
 .text.MAX_WORD
                0x080152cc       0x30 C:\PROGRA~2\VT3_8920\VT3\RESOUR~1\targets\CANVIEW4\lib\vt3_common\libvt3_common.a(IEC_Lib.o)
                0x080152cc                MAX_WORD
 .text.MAX_DWORD
                0x080152fc       0x24 C:\PROGRA~2\VT3_8920\VT3\RESOUR~1\targets\CANVIEW4\lib\vt3_common\libvt3_common.a(IEC_Lib.o)
                0x080152fc                MAX_DWORD
 .text.MAX_REAL
                0x08015320       0x38 C:\PROGRA~2\VT3_8920\VT3\RESOUR~1\targets\CANVIEW4\lib\vt3_common\libvt3_common.a(IEC_Lib.o)
                0x08015320                MAX_REAL
 .text.MAX_TIME
                0x08015358       0x24 C:\PROGRA~2\VT3_8920\VT3\RESOUR~1\targets\CANVIEW4\lib\vt3_common\libvt3_common.a(IEC_Lib.o)
                0x08015358                MAX_TIME
 .text.MAX_DATE
                0x0801537c       0x24 C:\PROGRA~2\VT3_8920\VT3\RESOUR~1\targets\CANVIEW4\lib\vt3_common\libvt3_common.a(IEC_Lib.o)
                0x0801537c                MAX_DATE
 .text.MAX_TIME_OF_DAY
                0x080153a0       0x24 C:\PROGRA~2\VT3_8920\VT3\RESOUR~1\targets\CANVIEW4\lib\vt3_common\libvt3_common.a(IEC_Lib.o)
                0x080153a0                MAX_TIME_OF_DAY
 .text.MAX_DATE_AND_TIME
                0x080153c4       0x7c C:\PROGRA~2\VT3_8920\VT3\RESOUR~1\targets\CANVIEW4\lib\vt3_common\libvt3_common.a(IEC_Lib.o)
                0x080153c4                MAX_DATE_AND_TIME
 .text.MIN_SINT
                0x08015440       0x2c C:\PROGRA~2\VT3_8920\VT3\RESOUR~1\targets\CANVIEW4\lib\vt3_common\libvt3_common.a(IEC_Lib.o)
                0x08015440                MIN_SINT
 .text.MIN_INT  0x0801546c       0x30 C:\PROGRA~2\VT3_8920\VT3\RESOUR~1\targets\CANVIEW4\lib\vt3_common\libvt3_common.a(IEC_Lib.o)
                0x0801546c                MIN_INT
 .text.MIN_DINT
                0x0801549c       0x24 C:\PROGRA~2\VT3_8920\VT3\RESOUR~1\targets\CANVIEW4\lib\vt3_common\libvt3_common.a(IEC_Lib.o)
                0x0801549c                MIN_DINT
 .text.MIN_USINT
                0x080154c0       0x2c C:\PROGRA~2\VT3_8920\VT3\RESOUR~1\targets\CANVIEW4\lib\vt3_common\libvt3_common.a(IEC_Lib.o)
                0x080154c0                MIN_USINT
 .text.MIN_UINT
                0x080154ec       0x2c C:\PROGRA~2\VT3_8920\VT3\RESOUR~1\targets\CANVIEW4\lib\vt3_common\libvt3_common.a(IEC_Lib.o)
                0x080154ec                MIN_UINT
 .text.MIN_UDINT
                0x08015518       0x24 C:\PROGRA~2\VT3_8920\VT3\RESOUR~1\targets\CANVIEW4\lib\vt3_common\libvt3_common.a(IEC_Lib.o)
                0x08015518                MIN_UDINT
 .text.MIN_BOOL
                0x0801553c       0x2c C:\PROGRA~2\VT3_8920\VT3\RESOUR~1\targets\CANVIEW4\lib\vt3_common\libvt3_common.a(IEC_Lib.o)
                0x0801553c                MIN_BOOL
 .text.MIN_BYTE
                0x08015568       0x2c C:\PROGRA~2\VT3_8920\VT3\RESOUR~1\targets\CANVIEW4\lib\vt3_common\libvt3_common.a(IEC_Lib.o)
                0x08015568                MIN_BYTE
 .text.MIN_WORD
                0x08015594       0x30 C:\PROGRA~2\VT3_8920\VT3\RESOUR~1\targets\CANVIEW4\lib\vt3_common\libvt3_common.a(IEC_Lib.o)
                0x08015594                MIN_WORD
 .text.MIN_DWORD
                0x080155c4       0x24 C:\PROGRA~2\VT3_8920\VT3\RESOUR~1\targets\CANVIEW4\lib\vt3_common\libvt3_common.a(IEC_Lib.o)
                0x080155c4                MIN_DWORD
 .text.MIN_REAL
                0x080155e8       0x38 C:\PROGRA~2\VT3_8920\VT3\RESOUR~1\targets\CANVIEW4\lib\vt3_common\libvt3_common.a(IEC_Lib.o)
                0x080155e8                MIN_REAL
 .text.MIN_TIME
                0x08015620       0x24 C:\PROGRA~2\VT3_8920\VT3\RESOUR~1\targets\CANVIEW4\lib\vt3_common\libvt3_common.a(IEC_Lib.o)
                0x08015620                MIN_TIME
 .text.MIN_DATE
                0x08015644       0x24 C:\PROGRA~2\VT3_8920\VT3\RESOUR~1\targets\CANVIEW4\lib\vt3_common\libvt3_common.a(IEC_Lib.o)
                0x08015644                MIN_DATE
 .text.MIN_TIME_OF_DAY
                0x08015668       0x24 C:\PROGRA~2\VT3_8920\VT3\RESOUR~1\targets\CANVIEW4\lib\vt3_common\libvt3_common.a(IEC_Lib.o)
                0x08015668                MIN_TIME_OF_DAY
 .text.MIN_DATE_AND_TIME
                0x0801568c       0x58 C:\PROGRA~2\VT3_8920\VT3\RESOUR~1\targets\CANVIEW4\lib\vt3_common\libvt3_common.a(IEC_Lib.o)
                0x0801568c                MIN_DATE_AND_TIME
 .text.LIMIT_SINT
                0x080156e4       0x38 C:\PROGRA~2\VT3_8920\VT3\RESOUR~1\targets\CANVIEW4\lib\vt3_common\libvt3_common.a(IEC_Lib.o)
                0x080156e4                LIMIT_SINT
 .text.LIMIT_INT
                0x0801571c       0x44 C:\PROGRA~2\VT3_8920\VT3\RESOUR~1\targets\CANVIEW4\lib\vt3_common\libvt3_common.a(IEC_Lib.o)
                0x0801571c                LIMIT_INT
 .text.LIMIT_DINT
                0x08015760       0x34 C:\PROGRA~2\VT3_8920\VT3\RESOUR~1\targets\CANVIEW4\lib\vt3_common\libvt3_common.a(IEC_Lib.o)
                0x08015760                LIMIT_DINT
 .text.LIMIT_USINT
                0x08015794       0x38 C:\PROGRA~2\VT3_8920\VT3\RESOUR~1\targets\CANVIEW4\lib\vt3_common\libvt3_common.a(IEC_Lib.o)
                0x08015794                LIMIT_USINT
 .text.LIMIT_UINT
                0x080157cc       0x38 C:\PROGRA~2\VT3_8920\VT3\RESOUR~1\targets\CANVIEW4\lib\vt3_common\libvt3_common.a(IEC_Lib.o)
                0x080157cc                LIMIT_UINT
 .text.LIMIT_UDINT